Timing Violation Report Max Delay Analysis

SmartTime Version v12.3
Microsemi Corporation - Microsemi Libero Software Release v12.3 (Version 12.800.0.16)
Date: Thu Mar 12 21:54:24 2020


Design: top
Family: PolarFire
Die: MPF300TS
Package: FCG1152
Temperature Range: -40 - 100 C
Voltage Range: 0.97 - 1.03 V
Speed Grade: -1
Design State: Post-Layout
Data source: Production
Multi Corner Report Operating Conditions: slow_lv_ht, slow_lv_lt, fast_hv_lt
Scenario for Timing Analysis: timing_analysis


Path 1
  From: DDR3_0_0/MSC_i_0/MSC_i_1/MSC_i_4/MSC_i_190/MSC_i_191/qm_active_index[0]:CLK
  To:   DDR3_0_0/MSC_i_0/MSC_i_1/MSC_i_4/MSC_i_190/MSC_i_191/qm_active_index[3]:D
  Delay (ns):              4.095
  Slack (ns):              1.897
  Arrival (ns):           11.055
  Required (ns):          12.952
  Operating Conditions: slow_lv_ht

Path 2
  From: DDR3_0_0/MSC_i_0/MSC_i_1/MSC_i_4/MSC_i_190/MSC_i_191/qm_active_index[3]:CLK
  To:   DDR3_0_0/MSC_i_0/MSC_i_1/MSC_i_4/MSC_i_190/MSC_i_191/qm_active_index[3]:D
  Delay (ns):              3.991
  Slack (ns):              2.009
  Arrival (ns):           10.951
  Required (ns):          12.960
  Operating Conditions: slow_lv_ht

Path 3
  From: DDR3_0_0/MSC_i_0/MSC_i_1/MSC_i_4/MSC_i_190/MSC_i_191/qm_active_index[0]:CLK
  To:   DDR3_0_0/MSC_i_0/MSC_i_1/MSC_i_4/MSC_i_190/MSC_i_191/qm_active_index[2]:D
  Delay (ns):              3.973
  Slack (ns):              2.018
  Arrival (ns):           10.933
  Required (ns):          12.951
  Operating Conditions: slow_lv_ht

Path 4
  From: DDR3_0_0/MSC_i_0/MSC_i_1/MSC_i_4/MSC_i_190/MSC_i_191/qm_active_index[0]:CLK
  To:   DDR3_0_0/MSC_i_0/MSC_i_1/MSC_i_4/MSC_i_190/MSC_i_191/qm_active_index[1]:D
  Delay (ns):              3.972
  Slack (ns):              2.020
  Arrival (ns):           10.932
  Required (ns):          12.952
  Operating Conditions: slow_lv_ht

Path 5
  From: DDR3_0_0/MSC_i_0/MSC_i_1/MSC_i_4/MSC_i_190/MSC_i_191/qm_active_index[1]:CLK
  To:   DDR3_0_0/MSC_i_0/MSC_i_1/MSC_i_4/MSC_i_190/MSC_i_191/qm_active_index[3]:D
  Delay (ns):              3.906
  Slack (ns):              2.086
  Arrival (ns):           10.866
  Required (ns):          12.952
  Operating Conditions: slow_lv_ht

Path 6
  From: DDR3_0_0/MSC_i_0/MSC_i_1/MSC_i_4/MSC_i_190/MSC_i_191/qm_active_index[3]:CLK
  To:   DDR3_0_0/MSC_i_0/MSC_i_1/MSC_i_4/MSC_i_190/MSC_i_191/qm_active_index[2]:D
  Delay (ns):              3.869
  Slack (ns):              2.122
  Arrival (ns):           10.829
  Required (ns):          12.951
  Operating Conditions: slow_lv_ht

Path 7
  From: DDR3_0_0/MSC_i_0/MSC_i_1/MSC_i_4/MSC_i_190/MSC_i_191/qm_active_index[3]:CLK
  To:   DDR3_0_0/MSC_i_0/MSC_i_1/MSC_i_4/MSC_i_190/MSC_i_191/qm_active_index[1]:D
  Delay (ns):              3.868
  Slack (ns):              2.124
  Arrival (ns):           10.828
  Required (ns):          12.952
  Operating Conditions: slow_lv_ht

Path 8
  From: DDR3_0_0/MSC_i_0/MSC_i_1/MSC_i_4/MSC_i_190/MSC_i_191/qm_active_index[2]:CLK
  To:   DDR3_0_0/MSC_i_0/MSC_i_1/MSC_i_4/MSC_i_190/MSC_i_191/qm_active_index[3]:D
  Delay (ns):              3.861
  Slack (ns):              2.131
  Arrival (ns):           10.821
  Required (ns):          12.952
  Operating Conditions: slow_lv_ht

Path 9
  From: DDR3_0_0/MSC_i_0/MSC_i_1/MSC_i_224/MSC_i_225/cal_init_mr_addr_1[5]:CLK
  To:   DDR3_0_0/MSC_i_0/MSC_i_1/MSC_i_4/MSC_i_190/MSC_i_191/qm_active_index[3]:D
  Delay (ns):              3.697
  Slack (ns):              2.183
  Arrival (ns):           10.667
  Required (ns):          12.850
  Operating Conditions: slow_lv_ht

Path 10
  From: MiV_AXI_0/MiV_AXI_0/ChiselTop0/tile/core/div/remainder[8]:CLK
  To:   MiV_AXI_0/MiV_AXI_0/ChiselTop0/tile/core/div/remainder[62]:D
  Delay (ns):              6.738
  Slack (ns):              2.194
  Arrival (ns):           10.005
  Required (ns):          12.199
  Operating Conditions: slow_lv_lt

Path 11
  From: DDR3_0_0/MSC_i_0/MSC_i_1/MSC_i_4/MSC_i_190/MSC_i_191/qm_active_index[0]:CLK
  To:   DDR3_0_0/MSC_i_0/MSC_i_1/MSC_i_4/MSC_i_190/MSC_i_191/qm_active_index[0]:D
  Delay (ns):              3.796
  Slack (ns):              2.204
  Arrival (ns):           10.756
  Required (ns):          12.960
  Operating Conditions: slow_lv_ht

Path 12
  From: DDR3_0_0/MSC_i_0/MSC_i_1/MSC_i_4/MSC_i_190/MSC_i_191/qm_active_index[1]:CLK
  To:   DDR3_0_0/MSC_i_0/MSC_i_1/MSC_i_4/MSC_i_190/MSC_i_191/qm_active_index[2]:D
  Delay (ns):              3.784
  Slack (ns):              2.207
  Arrival (ns):           10.744
  Required (ns):          12.951
  Operating Conditions: slow_lv_ht

Path 13
  From: MiV_AXI_0/MiV_AXI_0/ChiselTop0/tile/core/div/divisor[2]:CLK
  To:   MiV_AXI_0/MiV_AXI_0/ChiselTop0/tile/core/div/remainder[62]:D
  Delay (ns):              6.723
  Slack (ns):              2.210
  Arrival (ns):            9.989
  Required (ns):          12.199
  Operating Conditions: slow_lv_lt

Path 14
  From: DDR3_0_0/MSC_i_0/MSC_i_1/MSC_i_4/MSC_i_190/MSC_i_191/qm_active_index[1]:CLK
  To:   DDR3_0_0/MSC_i_0/MSC_i_1/MSC_i_4/MSC_i_190/MSC_i_191/qm_active_index[1]:D
  Delay (ns):              3.783
  Slack (ns):              2.217
  Arrival (ns):           10.743
  Required (ns):          12.960
  Operating Conditions: slow_lv_ht

Path 15
  From: DDR3_0_0/MSC_i_0/MSC_i_1/MSC_i_4/MSC_i_190/init_sm[2]:CLK
  To:   DDR3_0_0/MSC_i_0/MSC_i_1/MSC_i_4/MSC_i_190/MSC_i_191/qm_active_index[3]:D
  Delay (ns):              3.669
  Slack (ns):              2.217
  Arrival (ns):           10.633
  Required (ns):          12.850
  Operating Conditions: slow_lv_ht

Path 16
  From: MiV_AXI_0/MiV_AXI_0/ChiselTop0/tile/core/div/remainder[8]:CLK
  To:   MiV_AXI_0/MiV_AXI_0/ChiselTop0/tile/core/div/remainder[61]:D
  Delay (ns):              6.710
  Slack (ns):              2.230
  Arrival (ns):            9.977
  Required (ns):          12.207
  Operating Conditions: slow_lv_lt

Path 17
  From: MiV_AXI_0/MiV_AXI_0/ChiselTop0/tile/core/div/divisor[2]:CLK
  To:   MiV_AXI_0/MiV_AXI_0/ChiselTop0/tile/core/div/remainder[61]:D
  Delay (ns):              6.695
  Slack (ns):              2.246
  Arrival (ns):            9.961
  Required (ns):          12.207
  Operating Conditions: slow_lv_lt

Path 18
  From: MiV_AXI_0/MiV_AXI_0/ChiselTop0/tile/core/div/remainder[8]:CLK
  To:   MiV_AXI_0/MiV_AXI_0/ChiselTop0/tile/core/div/remainder[64]:D
  Delay (ns):              6.687
  Slack (ns):              2.253
  Arrival (ns):            9.954
  Required (ns):          12.207
  Operating Conditions: slow_lv_lt

Path 19
  From: DDR3_0_0/MSC_i_0/MSC_i_1/MSC_i_4/MSC_i_190/init_sm[1]:CLK
  To:   DDR3_0_0/MSC_i_0/MSC_i_1/MSC_i_4/MSC_i_190/MSC_i_191/qm_active_index[3]:D
  Delay (ns):              3.629
  Slack (ns):              2.253
  Arrival (ns):           10.597
  Required (ns):          12.850
  Operating Conditions: slow_lv_ht

Path 20
  From: MiV_AXI_0/MiV_AXI_0/ChiselTop0/tile/core/div/remainder[1]:CLK
  To:   MiV_AXI_0/MiV_AXI_0/ChiselTop0/tile/core/div/remainder[62]:D
  Delay (ns):              6.673
  Slack (ns):              2.254
  Arrival (ns):            9.945
  Required (ns):          12.199
  Operating Conditions: slow_lv_lt

Path 21
  From: DDR3_0_0/MSC_i_0/MSC_i_1/MSC_i_4/MSC_i_190/MSC_i_191/qm_active_index[2]:CLK
  To:   DDR3_0_0/MSC_i_0/MSC_i_1/MSC_i_4/MSC_i_190/MSC_i_191/qm_active_index[1]:D
  Delay (ns):              3.738
  Slack (ns):              2.254
  Arrival (ns):           10.698
  Required (ns):          12.952
  Operating Conditions: slow_lv_ht

Path 22
  From: MiV_AXI_0/MiV_AXI_0/ChiselTop0/tile/core/div/remainder[3]:CLK
  To:   MiV_AXI_0/MiV_AXI_0/ChiselTop0/tile/core/div/remainder[62]:D
  Delay (ns):              6.669
  Slack (ns):              2.258
  Arrival (ns):            9.941
  Required (ns):          12.199
  Operating Conditions: slow_lv_lt

Path 23
  From: MiV_AXI_0/MiV_AXI_0/ChiselTop0/tile/core/div/remainder[2]:CLK
  To:   MiV_AXI_0/MiV_AXI_0/ChiselTop0/tile/core/div/remainder[62]:D
  Delay (ns):              6.667
  Slack (ns):              2.260
  Arrival (ns):            9.939
  Required (ns):          12.199
  Operating Conditions: slow_lv_lt

Path 24
  From: DDR3_0_0/MSC_i_0/MSC_i_1/MSC_i_4/MSC_i_190/MSC_i_191/qm_active_index[2]:CLK
  To:   DDR3_0_0/MSC_i_0/MSC_i_1/MSC_i_4/MSC_i_190/MSC_i_191/qm_active_index[2]:D
  Delay (ns):              3.739
  Slack (ns):              2.261
  Arrival (ns):           10.699
  Required (ns):          12.960
  Operating Conditions: slow_lv_ht

Path 25
  From: MiV_AXI_0/MiV_AXI_0/ChiselTop0/tile/core/div/divisor[3]:CLK
  To:   MiV_AXI_0/MiV_AXI_0/ChiselTop0/tile/core/div/remainder[62]:D
  Delay (ns):              6.660
  Slack (ns):              2.267
  Arrival (ns):            9.932
  Required (ns):          12.199
  Operating Conditions: slow_lv_lt

Path 26
  From: MiV_AXI_0/MiV_AXI_0/ChiselTop0/tile/core/div/divisor[2]:CLK
  To:   MiV_AXI_0/MiV_AXI_0/ChiselTop0/tile/core/div/remainder[64]:D
  Delay (ns):              6.672
  Slack (ns):              2.269
  Arrival (ns):            9.938
  Required (ns):          12.207
  Operating Conditions: slow_lv_lt

Path 27
  From: MiV_AXI_0/MiV_AXI_0/ChiselTop0/tile/core/div/remainder[12]:CLK
  To:   MiV_AXI_0/MiV_AXI_0/ChiselTop0/tile/core/div/remainder[62]:D
  Delay (ns):              6.668
  Slack (ns):              2.269
  Arrival (ns):            9.930
  Required (ns):          12.199
  Operating Conditions: slow_lv_lt

Path 28
  From: DDR3_0_0/MSC_i_0/MSC_i_1/MSC_i_4/MSC_i_190/init_sm[3]:CLK
  To:   DDR3_0_0/MSC_i_0/MSC_i_1/MSC_i_4/MSC_i_190/MSC_i_191/qm_active_index[3]:D
  Delay (ns):              3.612
  Slack (ns):              2.270
  Arrival (ns):           10.580
  Required (ns):          12.850
  Operating Conditions: slow_lv_ht

Path 29
  From: MiV_AXI_0/MiV_AXI_0/ChiselTop0/tile/core/div/divisor[0]:CLK
  To:   MiV_AXI_0/MiV_AXI_0/ChiselTop0/tile/core/div/remainder[62]:D
  Delay (ns):              6.656
  Slack (ns):              2.271
  Arrival (ns):            9.928
  Required (ns):          12.199
  Operating Conditions: slow_lv_lt

Path 30
  From: MiV_AXI_0/MiV_AXI_0/ChiselTop0/tile/core/div/remainder[5]:CLK
  To:   MiV_AXI_0/MiV_AXI_0/ChiselTop0/tile/core/div/remainder[62]:D
  Delay (ns):              6.654
  Slack (ns):              2.273
  Arrival (ns):            9.926
  Required (ns):          12.199
  Operating Conditions: slow_lv_lt

Path 31
  From: MiV_AXI_0/MiV_AXI_0/ChiselTop0/tile/core/div/remainder[15]:CLK
  To:   MiV_AXI_0/MiV_AXI_0/ChiselTop0/tile/core/div/remainder[62]:D
  Delay (ns):              6.680
  Slack (ns):              2.274
  Arrival (ns):            9.950
  Required (ns):          12.224
  Operating Conditions: slow_lv_lt

Path 32
  From: MiV_AXI_0/MiV_AXI_0/ChiselTop0/tile/core/div/remainder[13]:CLK
  To:   MiV_AXI_0/MiV_AXI_0/ChiselTop0/tile/core/div/remainder[62]:D
  Delay (ns):              6.674
  Slack (ns):              2.282
  Arrival (ns):            9.942
  Required (ns):          12.224
  Operating Conditions: slow_lv_lt

Path 33
  From: DDR3_0_0/MSC_i_0/MSC_i_1/MSC_i_4/MSC_i_190/init_sm[4]:CLK
  To:   DDR3_0_0/MSC_i_0/MSC_i_1/MSC_i_4/MSC_i_190/MSC_i_191/qm_active_index[3]:D
  Delay (ns):              3.602
  Slack (ns):              2.282
  Arrival (ns):           10.568
  Required (ns):          12.850
  Operating Conditions: slow_lv_ht

Path 34
  From: MiV_AXI_0/MiV_AXI_0/ChiselTop0/tile/core/div/remainder[9]:CLK
  To:   MiV_AXI_0/MiV_AXI_0/ChiselTop0/tile/core/div/remainder[62]:D
  Delay (ns):              6.647
  Slack (ns):              2.285
  Arrival (ns):            9.914
  Required (ns):          12.199
  Operating Conditions: slow_lv_lt

Path 35
  From: MiV_AXI_0/MiV_AXI_0/ChiselTop0/tile/core/div/divisor[1]:CLK
  To:   MiV_AXI_0/MiV_AXI_0/ChiselTop0/tile/core/div/remainder[62]:D
  Delay (ns):              6.639
  Slack (ns):              2.288
  Arrival (ns):            9.911
  Required (ns):          12.199
  Operating Conditions: slow_lv_lt

Path 36
  From: MiV_AXI_0/MiV_AXI_0/ChiselTop0/tile/core/div/remainder[1]:CLK
  To:   MiV_AXI_0/MiV_AXI_0/ChiselTop0/tile/core/div/remainder[61]:D
  Delay (ns):              6.645
  Slack (ns):              2.290
  Arrival (ns):            9.917
  Required (ns):          12.207
  Operating Conditions: slow_lv_lt

Path 37
  From: MiV_AXI_0/MiV_AXI_0/ChiselTop0/tile/core/div/divisor[8]:CLK
  To:   MiV_AXI_0/MiV_AXI_0/ChiselTop0/tile/core/div/remainder[62]:D
  Delay (ns):              6.641
  Slack (ns):              2.292
  Arrival (ns):            9.907
  Required (ns):          12.199
  Operating Conditions: slow_lv_lt

Path 38
  From: MiV_AXI_0/MiV_AXI_0/ChiselTop0/tile/core/div/remainder[6]:CLK
  To:   MiV_AXI_0/MiV_AXI_0/ChiselTop0/tile/core/div/remainder[62]:D
  Delay (ns):              6.640
  Slack (ns):              2.292
  Arrival (ns):            9.907
  Required (ns):          12.199
  Operating Conditions: slow_lv_lt

Path 39
  From: MiV_AXI_0/MiV_AXI_0/ChiselTop0/tile/core/div/remainder[8]:CLK
  To:   MiV_AXI_0/MiV_AXI_0/ChiselTop0/tile/core/div/remainder[55]:D
  Delay (ns):              6.652
  Slack (ns):              2.293
  Arrival (ns):            9.919
  Required (ns):          12.212
  Operating Conditions: slow_lv_lt

Path 40
  From: MiV_AXI_0/MiV_AXI_0/ChiselTop0/tile/core/div/remainder[3]:CLK
  To:   MiV_AXI_0/MiV_AXI_0/ChiselTop0/tile/core/div/remainder[61]:D
  Delay (ns):              6.641
  Slack (ns):              2.294
  Arrival (ns):            9.913
  Required (ns):          12.207
  Operating Conditions: slow_lv_lt

Path 41
  From: MiV_AXI_0/MiV_AXI_0/ChiselTop0/tile/core/div/remainder[2]:CLK
  To:   MiV_AXI_0/MiV_AXI_0/ChiselTop0/tile/core/div/remainder[61]:D
  Delay (ns):              6.639
  Slack (ns):              2.296
  Arrival (ns):            9.911
  Required (ns):          12.207
  Operating Conditions: slow_lv_lt

Path 42
  From: MiV_AXI_0/MiV_AXI_0/ChiselTop0/tile/core/div/remainder_0[16]:CLK
  To:   MiV_AXI_0/MiV_AXI_0/ChiselTop0/tile/core/div/remainder[62]:D
  Delay (ns):              6.658
  Slack (ns):              2.298
  Arrival (ns):            9.926
  Required (ns):          12.224
  Operating Conditions: slow_lv_lt

Path 43
  From: MiV_AXI_0/MiV_AXI_0/ChiselTop0/tile/core/div/remainder[7]:CLK
  To:   MiV_AXI_0/MiV_AXI_0/ChiselTop0/tile/core/div/remainder[62]:D
  Delay (ns):              6.632
  Slack (ns):              2.300
  Arrival (ns):            9.899
  Required (ns):          12.199
  Operating Conditions: slow_lv_lt

Path 44
  From: DDR3_0_0/MSC_i_0/MSC_i_1/MSC_i_4/MSC_i_190/MSC_i_191/qm_active_index[3]:CLK
  To:   DDR3_0_0/MSC_i_0/MSC_i_1/MSC_i_4/MSC_i_190/MSC_i_191/qm_active_index[0]:D
  Delay (ns):              3.692
  Slack (ns):              2.300
  Arrival (ns):           10.652
  Required (ns):          12.952
  Operating Conditions: slow_lv_ht

Path 45
  From: MiV_AXI_0/MiV_AXI_0/ChiselTop0/tile/core/div/divisor[3]:CLK
  To:   MiV_AXI_0/MiV_AXI_0/ChiselTop0/tile/core/div/remainder[61]:D
  Delay (ns):              6.632
  Slack (ns):              2.303
  Arrival (ns):            9.904
  Required (ns):          12.207
  Operating Conditions: slow_lv_lt

Path 46
  From: DDR3_0_0/MSC_i_0/MSC_i_1/MSC_i_224/MSC_i_225/cal_init_mr_addr_1[5]:CLK
  To:   DDR3_0_0/MSC_i_0/MSC_i_1/MSC_i_4/MSC_i_190/MSC_i_191/qm_active_index[2]:D
  Delay (ns):              3.575
  Slack (ns):              2.304
  Arrival (ns):           10.545
  Required (ns):          12.849
  Operating Conditions: slow_lv_ht

Path 47
  From: MiV_AXI_0/MiV_AXI_0/ChiselTop0/tile/core/div/remainder[12]:CLK
  To:   MiV_AXI_0/MiV_AXI_0/ChiselTop0/tile/core/div/remainder[61]:D
  Delay (ns):              6.640
  Slack (ns):              2.305
  Arrival (ns):            9.902
  Required (ns):          12.207
  Operating Conditions: slow_lv_lt

Path 48
  From: MiV_AXI_0/MiV_AXI_0/ChiselTop0/tile/core/div/remainder[8]:CLK
  To:   MiV_AXI_0/MiV_AXI_0/ChiselTop0/tile/core/div/remainder[65]:D
  Delay (ns):              6.638
  Slack (ns):              2.305
  Arrival (ns):            9.905
  Required (ns):          12.210
  Operating Conditions: slow_lv_lt

Path 49
  From: DDR3_0_0/MSC_i_0/MSC_i_1/MSC_i_224/MSC_i_225/cal_init_mr_addr_1[5]:CLK
  To:   DDR3_0_0/MSC_i_0/MSC_i_1/MSC_i_4/MSC_i_190/MSC_i_191/qm_active_index[1]:D
  Delay (ns):              3.574
  Slack (ns):              2.306
  Arrival (ns):           10.544
  Required (ns):          12.850
  Operating Conditions: slow_lv_ht

Path 50
  From: MiV_AXI_0/MiV_AXI_0/ChiselTop0/tile/core/div/divisor[0]:CLK
  To:   MiV_AXI_0/MiV_AXI_0/ChiselTop0/tile/core/div/remainder[61]:D
  Delay (ns):              6.628
  Slack (ns):              2.307
  Arrival (ns):            9.900
  Required (ns):          12.207
  Operating Conditions: slow_lv_lt

Path 51
  From: MiV_AXI_0/MiV_AXI_0/ChiselTop0/tile/core/div/divisor[2]:CLK
  To:   MiV_AXI_0/MiV_AXI_0/ChiselTop0/tile/core/div/remainder[55]:D
  Delay (ns):              6.637
  Slack (ns):              2.309
  Arrival (ns):            9.903
  Required (ns):          12.212
  Operating Conditions: slow_lv_lt

Path 52
  From: MiV_AXI_0/MiV_AXI_0/ChiselTop0/tile/core/div/remainder[5]:CLK
  To:   MiV_AXI_0/MiV_AXI_0/ChiselTop0/tile/core/div/remainder[61]:D
  Delay (ns):              6.626
  Slack (ns):              2.309
  Arrival (ns):            9.898
  Required (ns):          12.207
  Operating Conditions: slow_lv_lt

Path 53
  From: MiV_AXI_0/MiV_AXI_0/ChiselTop0/tile/core/div/remainder[15]:CLK
  To:   MiV_AXI_0/MiV_AXI_0/ChiselTop0/tile/core/div/remainder[61]:D
  Delay (ns):              6.652
  Slack (ns):              2.310
  Arrival (ns):            9.922
  Required (ns):          12.232
  Operating Conditions: slow_lv_lt

Path 54
  From: MiV_AXI_0/MiV_AXI_0/ChiselTop0/tile/core/div/remainder[1]:CLK
  To:   MiV_AXI_0/MiV_AXI_0/ChiselTop0/tile/core/div/remainder[64]:D
  Delay (ns):              6.622
  Slack (ns):              2.313
  Arrival (ns):            9.894
  Required (ns):          12.207
  Operating Conditions: slow_lv_lt

Path 55
  From: MiV_AXI_0/MiV_AXI_0/ChiselTop0/tile/core/div/remainder[10]:CLK
  To:   MiV_AXI_0/MiV_AXI_0/ChiselTop0/tile/core/div/remainder[62]:D
  Delay (ns):              6.621
  Slack (ns):              2.316
  Arrival (ns):            9.883
  Required (ns):          12.199
  Operating Conditions: slow_lv_lt

Path 56
  From: MiV_AXI_0/MiV_AXI_0/ChiselTop0/tile/core/div/remainder[14]:CLK
  To:   MiV_AXI_0/MiV_AXI_0/ChiselTop0/tile/core/div/remainder[62]:D
  Delay (ns):              6.620
  Slack (ns):              2.317
  Arrival (ns):            9.882
  Required (ns):          12.199
  Operating Conditions: slow_lv_lt

Path 57
  From: MiV_AXI_0/MiV_AXI_0/ChiselTop0/tile/core/div/remainder[3]:CLK
  To:   MiV_AXI_0/MiV_AXI_0/ChiselTop0/tile/core/div/remainder[64]:D
  Delay (ns):              6.618
  Slack (ns):              2.317
  Arrival (ns):            9.890
  Required (ns):          12.207
  Operating Conditions: slow_lv_lt

Path 58
  From: MiV_AXI_0/MiV_AXI_0/ChiselTop0/tile/core/div/remainder[13]:CLK
  To:   MiV_AXI_0/MiV_AXI_0/ChiselTop0/tile/core/div/remainder[61]:D
  Delay (ns):              6.646
  Slack (ns):              2.318
  Arrival (ns):            9.914
  Required (ns):          12.232
  Operating Conditions: slow_lv_lt

Path 59
  From: MiV_AXI_0/MiV_AXI_0/ChiselTop0/tile/core/div/remainder[2]:CLK
  To:   MiV_AXI_0/MiV_AXI_0/ChiselTop0/tile/core/div/remainder[64]:D
  Delay (ns):              6.616
  Slack (ns):              2.319
  Arrival (ns):            9.888
  Required (ns):          12.207
  Operating Conditions: slow_lv_lt

Path 60
  From: MiV_AXI_0/MiV_AXI_0/ChiselTop0/tile/core/div/divisor[7]:CLK
  To:   MiV_AXI_0/MiV_AXI_0/ChiselTop0/tile/core/div/remainder[62]:D
  Delay (ns):              6.612
  Slack (ns):              2.320
  Arrival (ns):            9.879
  Required (ns):          12.199
  Operating Conditions: slow_lv_lt

Path 61
  From: MiV_AXI_0/MiV_AXI_0/ChiselTop0/tile/core/div/divisor[2]:CLK
  To:   MiV_AXI_0/MiV_AXI_0/ChiselTop0/tile/core/div/remainder[65]:D
  Delay (ns):              6.623
  Slack (ns):              2.321
  Arrival (ns):            9.889
  Required (ns):          12.210
  Operating Conditions: slow_lv_lt

Path 62
  From: MiV_AXI_0/MiV_AXI_0/ChiselTop0/tile/core/div/remainder[9]:CLK
  To:   MiV_AXI_0/MiV_AXI_0/ChiselTop0/tile/core/div/remainder[61]:D
  Delay (ns):              6.619
  Slack (ns):              2.321
  Arrival (ns):            9.886
  Required (ns):          12.207
  Operating Conditions: slow_lv_lt

Path 63
  From: MiV_AXI_0/MiV_AXI_0/ChiselTop0/tile/core/div/divisor[1]:CLK
  To:   MiV_AXI_0/MiV_AXI_0/ChiselTop0/tile/core/div/remainder[61]:D
  Delay (ns):              6.611
  Slack (ns):              2.324
  Arrival (ns):            9.883
  Required (ns):          12.207
  Operating Conditions: slow_lv_lt

Path 64
  From: MiV_AXI_0/MiV_AXI_0/ChiselTop0/tile/core/div/divisor[3]:CLK
  To:   MiV_AXI_0/MiV_AXI_0/ChiselTop0/tile/core/div/remainder[64]:D
  Delay (ns):              6.609
  Slack (ns):              2.326
  Arrival (ns):            9.881
  Required (ns):          12.207
  Operating Conditions: slow_lv_lt

Path 65
  From: MiV_AXI_0/MiV_AXI_0/ChiselTop0/tile/core/div/remainder[11]:CLK
  To:   MiV_AXI_0/MiV_AXI_0/ChiselTop0/tile/core/div/remainder[62]:D
  Delay (ns):              6.626
  Slack (ns):              2.327
  Arrival (ns):            9.897
  Required (ns):          12.224
  Operating Conditions: slow_lv_lt

Path 66
  From: MiV_AXI_0/MiV_AXI_0/ChiselTop0/tile/core/div/remainder[12]:CLK
  To:   MiV_AXI_0/MiV_AXI_0/ChiselTop0/tile/core/div/remainder[64]:D
  Delay (ns):              6.617
  Slack (ns):              2.328
  Arrival (ns):            9.879
  Required (ns):          12.207
  Operating Conditions: slow_lv_lt

Path 67
  From: MiV_AXI_0/MiV_AXI_0/ChiselTop0/tile/core/div/remainder[6]:CLK
  To:   MiV_AXI_0/MiV_AXI_0/ChiselTop0/tile/core/div/remainder[61]:D
  Delay (ns):              6.612
  Slack (ns):              2.328
  Arrival (ns):            9.879
  Required (ns):          12.207
  Operating Conditions: slow_lv_lt

Path 68
  From: MiV_AXI_0/MiV_AXI_0/ChiselTop0/tile/core/div/divisor[8]:CLK
  To:   MiV_AXI_0/MiV_AXI_0/ChiselTop0/tile/core/div/remainder[61]:D
  Delay (ns):              6.613
  Slack (ns):              2.328
  Arrival (ns):            9.879
  Required (ns):          12.207
  Operating Conditions: slow_lv_lt

Path 69
  From: MiV_AXI_0/MiV_AXI_0/ChiselTop0/tile/core/div/divisor[5]:CLK
  To:   MiV_AXI_0/MiV_AXI_0/ChiselTop0/tile/core/div/remainder[62]:D
  Delay (ns):              6.599
  Slack (ns):              2.328
  Arrival (ns):            9.871
  Required (ns):          12.199
  Operating Conditions: slow_lv_lt

Path 70
  From: MiV_AXI_0/MiV_AXI_0/ChiselTop0/tile/core/div/divisor[0]:CLK
  To:   MiV_AXI_0/MiV_AXI_0/ChiselTop0/tile/core/div/remainder[64]:D
  Delay (ns):              6.605
  Slack (ns):              2.330
  Arrival (ns):            9.877
  Required (ns):          12.207
  Operating Conditions: slow_lv_lt

Path 71
  From: MiV_AXI_0/MiV_AXI_0/ChiselTop0/tile/core/div/remainder[8]:CLK
  To:   MiV_AXI_0/MiV_AXI_0/ChiselTop0/tile/core/div/remainder[63]:D
  Delay (ns):              6.612
  Slack (ns):              2.331
  Arrival (ns):            9.879
  Required (ns):          12.210
  Operating Conditions: slow_lv_lt

Path 72
  From: MiV_AXI_0/MiV_AXI_0/ChiselTop0/tile/core/div/divisor[4]:CLK
  To:   MiV_AXI_0/MiV_AXI_0/ChiselTop0/tile/core/div/remainder[62]:D
  Delay (ns):              6.601
  Slack (ns):              2.332
  Arrival (ns):            9.867
  Required (ns):          12.199
  Operating Conditions: slow_lv_lt

Path 73
  From: MiV_AXI_0/MiV_AXI_0/ChiselTop0/tile/core/div/remainder[5]:CLK
  To:   MiV_AXI_0/MiV_AXI_0/ChiselTop0/tile/core/div/remainder[64]:D
  Delay (ns):              6.603
  Slack (ns):              2.332
  Arrival (ns):            9.875
  Required (ns):          12.207
  Operating Conditions: slow_lv_lt

Path 74
  From: MiV_AXI_0/MiV_AXI_0/ChiselTop0/tile/core/div/remainder[15]:CLK
  To:   MiV_AXI_0/MiV_AXI_0/ChiselTop0/tile/core/div/remainder[64]:D
  Delay (ns):              6.629
  Slack (ns):              2.333
  Arrival (ns):            9.899
  Required (ns):          12.232
  Operating Conditions: slow_lv_lt

Path 75
  From: MiV_AXI_0/MiV_AXI_0/ChiselTop0/tile/core/div/divisor[9]:CLK
  To:   MiV_AXI_0/MiV_AXI_0/ChiselTop0/tile/core/div/remainder[62]:D
  Delay (ns):              6.599
  Slack (ns):              2.333
  Arrival (ns):            9.866
  Required (ns):          12.199
  Operating Conditions: slow_lv_lt

Path 76
  From: MiV_AXI_0/MiV_AXI_0/ChiselTop0/tile/core/div/remainder_0[16]:CLK
  To:   MiV_AXI_0/MiV_AXI_0/ChiselTop0/tile/core/div/remainder[61]:D
  Delay (ns):              6.630
  Slack (ns):              2.334
  Arrival (ns):            9.898
  Required (ns):          12.232
  Operating Conditions: slow_lv_lt

Path 77
  From: MiV_AXI_0/MiV_AXI_0/ChiselTop0/tile/core/div/remainder[7]:CLK
  To:   MiV_AXI_0/MiV_AXI_0/ChiselTop0/tile/core/div/remainder[61]:D
  Delay (ns):              6.604
  Slack (ns):              2.336
  Arrival (ns):            9.871
  Required (ns):          12.207
  Operating Conditions: slow_lv_lt

Path 78
  From: MiV_AXI_0/MiV_AXI_0/ChiselTop0/tile/core/div/remainder[8]:CLK
  To:   MiV_AXI_0/MiV_AXI_0/ChiselTop0/tile/core/div/remainder[60]:D
  Delay (ns):              6.603
  Slack (ns):              2.337
  Arrival (ns):            9.870
  Required (ns):          12.207
  Operating Conditions: slow_lv_lt

Path 79
  From: DDR3_0_0/MSC_i_0/MSC_i_1/MSC_i_4/MSC_i_190/init_sm[2]:CLK
  To:   DDR3_0_0/MSC_i_0/MSC_i_1/MSC_i_4/MSC_i_190/MSC_i_191/qm_active_index[2]:D
  Delay (ns):              3.547
  Slack (ns):              2.338
  Arrival (ns):           10.511
  Required (ns):          12.849
  Operating Conditions: slow_lv_ht

Path 80
  From: MiV_AXI_0/MiV_AXI_0/ChiselTop0/tile/core/div/remainder[8]:CLK
  To:   MiV_AXI_0/MiV_AXI_0/ChiselTop0/tile/core/div/remainder[54]:D
  Delay (ns):              6.607
  Slack (ns):              2.338
  Arrival (ns):            9.874
  Required (ns):          12.212
  Operating Conditions: slow_lv_lt

Path 81
  From: DDR3_0_0/DDRPHY_BLK_0/IOD_TRAINING_0/COREDDR_TIP_INT_U/TIP_CTRL_BLK/TRN_CLK/cmd_addr_trainer/vcophsel_calc[2]:CLK
  To:   DDR3_0_0/DDRPHY_BLK_0/IOD_TRAINING_0/COREDDR_TIP_INT_U/TIP_CTRL_BLK/TRN_CLK/cmd_addr_trainer/min_vcophsel_index[1]:EN
  Delay (ns):              3.523
  Slack (ns):              2.339
  Arrival (ns):           10.506
  Required (ns):          12.845
  Operating Conditions: slow_lv_ht

Path 82
  From: DDR3_0_0/MSC_i_0/MSC_i_1/MSC_i_4/MSC_i_190/init_sm[2]:CLK
  To:   DDR3_0_0/MSC_i_0/MSC_i_1/MSC_i_4/MSC_i_190/MSC_i_191/qm_active_index[1]:D
  Delay (ns):              3.546
  Slack (ns):              2.340
  Arrival (ns):           10.510
  Required (ns):          12.850
  Operating Conditions: slow_lv_ht

Path 83
  From: DDR3_0_0/DDRPHY_BLK_0/IOD_TRAINING_0/COREDDR_TIP_INT_U/TIP_CTRL_BLK/TRN_CLK/cmd_addr_trainer/vcophsel_calc[2]:CLK
  To:   DDR3_0_0/DDRPHY_BLK_0/IOD_TRAINING_0/COREDDR_TIP_INT_U/TIP_CTRL_BLK/TRN_CLK/cmd_addr_trainer/min_vcophsel_index[2]:EN
  Delay (ns):              3.522
  Slack (ns):              2.340
  Arrival (ns):           10.505
  Required (ns):          12.845
  Operating Conditions: slow_lv_ht

Path 84
  From: MiV_AXI_0/MiV_AXI_0/ChiselTop0/tile/core/div/remainder[13]:CLK
  To:   MiV_AXI_0/MiV_AXI_0/ChiselTop0/tile/core/div/remainder[64]:D
  Delay (ns):              6.623
  Slack (ns):              2.341
  Arrival (ns):            9.891
  Required (ns):          12.232
  Operating Conditions: slow_lv_lt

Path 85
  From: MiV_AXI_0/MiV_AXI_0/ChiselTop0/tile/core/div/remainder[9]:CLK
  To:   MiV_AXI_0/MiV_AXI_0/ChiselTop0/tile/core/div/remainder[64]:D
  Delay (ns):              6.596
  Slack (ns):              2.344
  Arrival (ns):            9.863
  Required (ns):          12.207
  Operating Conditions: slow_lv_lt

Path 86
  From: DDR3_0_0/DDRPHY_BLK_0/IOD_TRAINING_0/COREDDR_TIP_INT_U/TIP_CTRL_BLK/TRN_CLK/cmd_addr_trainer/vcophsel_calc[1]:CLK
  To:   DDR3_0_0/DDRPHY_BLK_0/IOD_TRAINING_0/COREDDR_TIP_INT_U/TIP_CTRL_BLK/TRN_CLK/cmd_addr_trainer/min_vcophsel_index[1]:EN
  Delay (ns):              3.477
  Slack (ns):              2.344
  Arrival (ns):           10.467
  Required (ns):          12.811
  Operating Conditions: slow_lv_ht

Path 87
  From: DDR3_0_0/DDRPHY_BLK_0/IOD_TRAINING_0/COREDDR_TIP_INT_U/TIP_CTRL_BLK/TRN_CLK/cmd_addr_trainer/vcophsel_calc[1]:CLK
  To:   DDR3_0_0/DDRPHY_BLK_0/IOD_TRAINING_0/COREDDR_TIP_INT_U/TIP_CTRL_BLK/TRN_CLK/cmd_addr_trainer/min_vcophsel_index[2]:EN
  Delay (ns):              3.476
  Slack (ns):              2.345
  Arrival (ns):           10.466
  Required (ns):          12.811
  Operating Conditions: slow_lv_ht

Path 88
  From: MiV_AXI_0/MiV_AXI_0/ChiselTop0/tile/core/div/divisor[1]:CLK
  To:   MiV_AXI_0/MiV_AXI_0/ChiselTop0/tile/core/div/remainder[64]:D
  Delay (ns):              6.588
  Slack (ns):              2.347
  Arrival (ns):            9.860
  Required (ns):          12.207
  Operating Conditions: slow_lv_lt

Path 89
  From: MiV_AXI_0/MiV_AXI_0/ChiselTop0/tile/core/div/divisor[2]:CLK
  To:   MiV_AXI_0/MiV_AXI_0/ChiselTop0/tile/core/div/remainder[63]:D
  Delay (ns):              6.597
  Slack (ns):              2.347
  Arrival (ns):            9.863
  Required (ns):          12.210
  Operating Conditions: slow_lv_lt

Path 90
  From: DDR3_0_0/MSC_i_0/MSC_i_1/MSC_i_4/MSC_i_190/init_sm[0]:CLK
  To:   DDR3_0_0/MSC_i_0/MSC_i_1/MSC_i_4/MSC_i_190/MSC_i_191/qm_active_index[3]:D
  Delay (ns):              3.533
  Slack (ns):              2.350
  Arrival (ns):           10.500
  Required (ns):          12.850
  Operating Conditions: slow_lv_ht

Path 91
  From: MiV_AXI_0/MiV_AXI_0/ChiselTop0/tile/core/div/divisor[8]:CLK
  To:   MiV_AXI_0/MiV_AXI_0/ChiselTop0/tile/core/div/remainder[64]:D
  Delay (ns):              6.590
  Slack (ns):              2.351
  Arrival (ns):            9.856
  Required (ns):          12.207
  Operating Conditions: slow_lv_lt

Path 92
  From: MiV_AXI_0/MiV_AXI_0/ChiselTop0/tile/core/div/remainder[6]:CLK
  To:   MiV_AXI_0/MiV_AXI_0/ChiselTop0/tile/core/div/remainder[64]:D
  Delay (ns):              6.589
  Slack (ns):              2.351
  Arrival (ns):            9.856
  Required (ns):          12.207
  Operating Conditions: slow_lv_lt

Path 93
  From: MiV_AXI_0/MiV_AXI_0/ChiselTop0/tile/core/div/remainder[10]:CLK
  To:   MiV_AXI_0/MiV_AXI_0/ChiselTop0/tile/core/div/remainder[61]:D
  Delay (ns):              6.593
  Slack (ns):              2.352
  Arrival (ns):            9.855
  Required (ns):          12.207
  Operating Conditions: slow_lv_lt

Path 94
  From: MiV_AXI_0/MiV_AXI_0/ChiselTop0/tile/core/div/divisor[2]:CLK
  To:   MiV_AXI_0/MiV_AXI_0/ChiselTop0/tile/core/div/remainder[60]:D
  Delay (ns):              6.588
  Slack (ns):              2.353
  Arrival (ns):            9.854
  Required (ns):          12.207
  Operating Conditions: slow_lv_lt

Path 95
  From: MiV_AXI_0/MiV_AXI_0/ChiselTop0/tile/core/div/remainder[14]:CLK
  To:   MiV_AXI_0/MiV_AXI_0/ChiselTop0/tile/core/div/remainder[61]:D
  Delay (ns):              6.592
  Slack (ns):              2.353
  Arrival (ns):            9.854
  Required (ns):          12.207
  Operating Conditions: slow_lv_lt

Path 96
  From: MiV_AXI_0/MiV_AXI_0/ChiselTop0/tile/core/div/remainder[1]:CLK
  To:   MiV_AXI_0/MiV_AXI_0/ChiselTop0/tile/core/div/remainder[55]:D
  Delay (ns):              6.587
  Slack (ns):              2.353
  Arrival (ns):            9.859
  Required (ns):          12.212
  Operating Conditions: slow_lv_lt

Path 97
  From: MiV_AXI_0/MiV_AXI_0/ChiselTop0/tile/core/div/divisor[2]:CLK
  To:   MiV_AXI_0/MiV_AXI_0/ChiselTop0/tile/core/div/remainder[54]:D
  Delay (ns):              6.592
  Slack (ns):              2.354
  Arrival (ns):            9.858
  Required (ns):          12.212
  Operating Conditions: slow_lv_lt

Path 98
  From: MiV_AXI_0/MiV_AXI_0/ChiselTop0/tile/core/div/divisor[7]:CLK
  To:   MiV_AXI_0/MiV_AXI_0/ChiselTop0/tile/core/div/remainder[61]:D
  Delay (ns):              6.584
  Slack (ns):              2.356
  Arrival (ns):            9.851
  Required (ns):          12.207
  Operating Conditions: slow_lv_lt

Path 99
  From: MiV_AXI_0/MiV_AXI_0/ChiselTop0/tile/core/div/remainder[3]:CLK
  To:   MiV_AXI_0/MiV_AXI_0/ChiselTop0/tile/core/div/remainder[55]:D
  Delay (ns):              6.583
  Slack (ns):              2.357
  Arrival (ns):            9.855
  Required (ns):          12.212
  Operating Conditions: slow_lv_lt

Path 100
  From: MiV_AXI_0/MiV_AXI_0/ChiselTop0/tile/core/div/remainder_0[16]:CLK
  To:   MiV_AXI_0/MiV_AXI_0/ChiselTop0/tile/core/div/remainder[64]:D
  Delay (ns):              6.607
  Slack (ns):              2.357
  Arrival (ns):            9.875
  Required (ns):          12.232
  Operating Conditions: slow_lv_lt

