Archive member included to satisfy reference by file (symbol)

c:/microsemi/softconsole_v6.1/riscv-unknown-elf-gcc/bin/../lib/gcc/riscv64-unknown-elf/8.1.0/../../../../riscv64-unknown-elf/lib/rv32im/ilp32\libc.a(lib_a-memset.o)
                              ./drivers/CoreSPI/core_spi.o (memset)
c:/microsemi/softconsole_v6.1/riscv-unknown-elf-gcc/bin/../lib/gcc/riscv64-unknown-elf/8.1.0/../../../../riscv64-unknown-elf/lib/rv32im/ilp32\libc.a(lib_a-sysisatty.o)
                              ./riscv_hal/syscall.o (isatty)
c:/microsemi/softconsole_v6.1/riscv-unknown-elf-gcc/bin/../lib/gcc/riscv64-unknown-elf/8.1.0/../../../../riscv64-unknown-elf/lib/rv32im/ilp32\libc.a(lib_a-syswrite.o)
                              ./riscv_hal/syscall.o (write)
c:/microsemi/softconsole_v6.1/riscv-unknown-elf-gcc/bin/../lib/gcc/riscv64-unknown-elf/8.1.0/../../../../riscv64-unknown-elf/lib/rv32im/ilp32\libc.a(lib_a-writer.o)
                              c:/microsemi/softconsole_v6.1/riscv-unknown-elf-gcc/bin/../lib/gcc/riscv64-unknown-elf/8.1.0/../../../../riscv64-unknown-elf/lib/rv32im/ilp32\libc.a(lib_a-syswrite.o) (_write_r)
c:/microsemi/softconsole_v6.1/riscv-unknown-elf-gcc/bin/../lib/gcc/riscv64-unknown-elf/8.1.0/../../../../riscv64-unknown-elf/lib/rv32im/ilp32\libc.a(lib_a-impure.o)
                              c:/microsemi/softconsole_v6.1/riscv-unknown-elf-gcc/bin/../lib/gcc/riscv64-unknown-elf/8.1.0/../../../../riscv64-unknown-elf/lib/rv32im/ilp32\libc.a(lib_a-syswrite.o) (_impure_ptr)

Allocating common symbols
Common symbol       size              file

errno               0x4               ./riscv_hal/syscall.o
g_gpio_out          0x8               ./main.o
g_uart              0x8               ./main.o

Discarded input sections

 .text          0x0000000000000000        0x0 ./riscv_hal/entry.o
 .data          0x0000000000000000        0x0 ./riscv_hal/entry.o
 .bss           0x0000000000000000        0x0 ./riscv_hal/entry.o
 .text          0x0000000000000000        0x0 ./riscv_hal/init.o
 .data          0x0000000000000000        0x0 ./riscv_hal/init.o
 .bss           0x0000000000000000        0x0 ./riscv_hal/init.o
 .text          0x0000000000000000        0x0 ./riscv_hal/riscv_hal.o
 .data          0x0000000000000000        0x0 ./riscv_hal/riscv_hal.o
 .bss           0x0000000000000000        0x0 ./riscv_hal/riscv_hal.o
 .text.__disable_irq
                0x0000000000000000       0x10 ./riscv_hal/riscv_hal.o
 .text.__enable_irq
                0x0000000000000000        0x8 ./riscv_hal/riscv_hal.o
 .text.SysTick_Config
                0x0000000000000000       0x78 ./riscv_hal/riscv_hal.o
 .text          0x0000000000000000        0x0 ./riscv_hal/riscv_hal_stubs.o
 .data          0x0000000000000000        0x0 ./riscv_hal/riscv_hal_stubs.o
 .bss           0x0000000000000000        0x0 ./riscv_hal/riscv_hal_stubs.o
 .text          0x0000000000000000        0x0 ./riscv_hal/syscall.o
 .data          0x0000000000000000        0x0 ./riscv_hal/syscall.o
 .bss           0x0000000000000000        0x0 ./riscv_hal/syscall.o
 .text.write_hex
                0x0000000000000000       0xb8 ./riscv_hal/syscall.o
 .text._sbrk    0x0000000000000000       0x3c ./riscv_hal/syscall.o
 .text._isatty  0x0000000000000000       0x28 ./riscv_hal/syscall.o
 .text._open    0x0000000000000000       0x14 ./riscv_hal/syscall.o
 .text._openat  0x0000000000000000       0x14 ./riscv_hal/syscall.o
 .text._close   0x0000000000000000       0x14 ./riscv_hal/syscall.o
 .text._execve  0x0000000000000000       0x14 ./riscv_hal/syscall.o
 .text._fork    0x0000000000000000       0x14 ./riscv_hal/syscall.o
 .text._fstat   0x0000000000000000       0x48 ./riscv_hal/syscall.o
 .text._getpid  0x0000000000000000        0x8 ./riscv_hal/syscall.o
 .text._kill    0x0000000000000000       0x14 ./riscv_hal/syscall.o
 .text._link    0x0000000000000000       0x14 ./riscv_hal/syscall.o
 .text._lseek   0x0000000000000000       0x38 ./riscv_hal/syscall.o
 .text._read    0x0000000000000000       0x14 ./riscv_hal/syscall.o
 .text._stat    0x0000000000000000       0x14 ./riscv_hal/syscall.o
 .text._times   0x0000000000000000       0x14 ./riscv_hal/syscall.o
 .text._unlink  0x0000000000000000       0x14 ./riscv_hal/syscall.o
 .text._wait    0x0000000000000000       0x14 ./riscv_hal/syscall.o
 .text._write   0x0000000000000000       0x14 ./riscv_hal/syscall.o
 .rodata.write_hex.str1.4
                0x0000000000000000        0x3 ./riscv_hal/syscall.o
 .sbss.__env    0x0000000000000000        0x4 ./riscv_hal/syscall.o
 .sdata.curbrk.3695
                0x0000000000000000        0x4 ./riscv_hal/syscall.o
 .sdata.environ
                0x0000000000000000        0x4 ./riscv_hal/syscall.o
 COMMON         0x0000000000000000        0x4 ./riscv_hal/syscall.o
 .text          0x0000000000000000        0x0 ./hal/hal_irq.o
 .data          0x0000000000000000        0x0 ./hal/hal_irq.o
 .bss           0x0000000000000000        0x0 ./hal/hal_irq.o
 .text.HAL_enable_interrupts
                0x0000000000000000        0x8 ./hal/hal_irq.o
 .text.HAL_disable_interrupts
                0x0000000000000000       0x28 ./hal/hal_irq.o
 .text.HAL_restore_interrupts
                0x0000000000000000        0x8 ./hal/hal_irq.o
 .debug_info    0x0000000000000000      0x123 ./hal/hal_irq.o
 .debug_abbrev  0x0000000000000000       0xdb ./hal/hal_irq.o
 .debug_loc     0x0000000000000000       0x2b ./hal/hal_irq.o
 .debug_aranges
                0x0000000000000000       0x30 ./hal/hal_irq.o
 .debug_ranges  0x0000000000000000       0x38 ./hal/hal_irq.o
 .debug_line    0x0000000000000000      0x167 ./hal/hal_irq.o
 .debug_str     0x0000000000000000      0x227 ./hal/hal_irq.o
 .comment       0x0000000000000000       0x58 ./hal/hal_irq.o
 .debug_frame   0x0000000000000000       0x4c ./hal/hal_irq.o
 .data          0x0000000000000000        0x0 ./hal/hw_reg_access.o
 .bss           0x0000000000000000        0x0 ./hal/hw_reg_access.o
 .text          0x0000000000000000        0x0 ./drivers/CoreUARTapb/core_uart_apb.o
 .data          0x0000000000000000        0x0 ./drivers/CoreUARTapb/core_uart_apb.o
 .bss           0x0000000000000000        0x0 ./drivers/CoreUARTapb/core_uart_apb.o
 .text.UART_send
                0x0000000000000000       0x7c ./drivers/CoreUARTapb/core_uart_apb.o
 .text.UART_fill_tx_fifo
                0x0000000000000000       0xa8 ./drivers/CoreUARTapb/core_uart_apb.o
 .text.UART_get_rx
                0x0000000000000000       0x9c ./drivers/CoreUARTapb/core_uart_apb.o
 .text.UART_get_rx_status
                0x0000000000000000       0x20 ./drivers/CoreUARTapb/core_uart_apb.o
 .text          0x0000000000000000        0x0 ./drivers/CoreSPI/core_spi.o
 .data          0x0000000000000000        0x0 ./drivers/CoreSPI/core_spi.o
 .bss           0x0000000000000000        0x0 ./drivers/CoreSPI/core_spi.o
 .text.recover_from_rx_overflow.isra.0
                0x0000000000000000       0x74 ./drivers/CoreSPI/core_spi.o
 .text.fill_slave_tx_fifo
                0x0000000000000000       0xd8 ./drivers/CoreSPI/core_spi.o
 .text.read_slave_rx_fifo
                0x0000000000000000       0xe4 ./drivers/CoreSPI/core_spi.o
 .text.SPI_init
                0x0000000000000000       0xf4 ./drivers/CoreSPI/core_spi.o
 .text.SPI_configure_slave_mode
                0x0000000000000000       0x8c ./drivers/CoreSPI/core_spi.o
 .text.SPI_configure_master_mode
                0x0000000000000000       0x8c ./drivers/CoreSPI/core_spi.o
 .text.SPI_set_slave_select
                0x0000000000000000       0xbc ./drivers/CoreSPI/core_spi.o
 .text.SPI_clear_slave_select
                0x0000000000000000       0xc0 ./drivers/CoreSPI/core_spi.o
 .text.SPI_transfer_frame
                0x0000000000000000       0xac ./drivers/CoreSPI/core_spi.o
 .text.SPI_transfer_block
                0x0000000000000000      0x41c ./drivers/CoreSPI/core_spi.o
 .text.SPI_set_frame_rx_handler
                0x0000000000000000      0x16c ./drivers/CoreSPI/core_spi.o
 .text.SPI_set_slave_tx_frame
                0x0000000000000000      0x16c ./drivers/CoreSPI/core_spi.o
 .text.SPI_set_slave_block_buffers
                0x0000000000000000      0x214 ./drivers/CoreSPI/core_spi.o
 .text.SPI_set_cmd_handler
                0x0000000000000000       0xac ./drivers/CoreSPI/core_spi.o
 .text.SPI_set_cmd_response
                0x0000000000000000       0x24 ./drivers/CoreSPI/core_spi.o
 .text.SPI_enable
                0x0000000000000000       0x20 ./drivers/CoreSPI/core_spi.o
 .text.SPI_disable
                0x0000000000000000       0x20 ./drivers/CoreSPI/core_spi.o
 .text.SPI_isr  0x0000000000000000      0x504 ./drivers/CoreSPI/core_spi.o
 .debug_info    0x0000000000000000     0x1dd6 ./drivers/CoreSPI/core_spi.o
 .debug_abbrev  0x0000000000000000      0x3be ./drivers/CoreSPI/core_spi.o
 .debug_loc     0x0000000000000000      0xd2d ./drivers/CoreSPI/core_spi.o
 .debug_aranges
                0x0000000000000000       0xa8 ./drivers/CoreSPI/core_spi.o
 .debug_ranges  0x0000000000000000       0xb0 ./drivers/CoreSPI/core_spi.o
 .debug_line    0x0000000000000000     0x1b41 ./drivers/CoreSPI/core_spi.o
 .debug_str     0x0000000000000000      0xb41 ./drivers/CoreSPI/core_spi.o
 .comment       0x0000000000000000       0x58 ./drivers/CoreSPI/core_spi.o
 .debug_frame   0x0000000000000000      0x328 ./drivers/CoreSPI/core_spi.o
 .text          0x0000000000000000        0x0 ./drivers/CoreGPIO/core_gpio.o
 .data          0x0000000000000000        0x0 ./drivers/CoreGPIO/core_gpio.o
 .bss           0x0000000000000000        0x0 ./drivers/CoreGPIO/core_gpio.o
 .text.GPIO_get_inputs
                0x0000000000000000      0x100 ./drivers/CoreGPIO/core_gpio.o
 .text.GPIO_drive_inout
                0x0000000000000000       0xa4 ./drivers/CoreGPIO/core_gpio.o
 .text.GPIO_enable_irq
                0x0000000000000000       0x50 ./drivers/CoreGPIO/core_gpio.o
 .text.GPIO_disable_irq
                0x0000000000000000       0x4c ./drivers/CoreGPIO/core_gpio.o
 .text.GPIO_clear_irq
                0x0000000000000000      0x100 ./drivers/CoreGPIO/core_gpio.o
 .text.GPIO_get_irq_sources
                0x0000000000000000      0x100 ./drivers/CoreGPIO/core_gpio.o
 .text.GPIO_clear_all_irq_sources
                0x0000000000000000       0xf4 ./drivers/CoreGPIO/core_gpio.o
 .text          0x0000000000000000        0x0 ./main.o
 .data          0x0000000000000000        0x0 ./main.o
 .bss           0x0000000000000000        0x0 ./main.o
 .text          0x0000000000000000       0xdc c:/microsemi/softconsole_v6.1/riscv-unknown-elf-gcc/bin/../lib/gcc/riscv64-unknown-elf/8.1.0/../../../../riscv64-unknown-elf/lib/rv32im/ilp32\libc.a(lib_a-memset.o)
 .data          0x0000000000000000        0x0 c:/microsemi/softconsole_v6.1/riscv-unknown-elf-gcc/bin/../lib/gcc/riscv64-unknown-elf/8.1.0/../../../../riscv64-unknown-elf/lib/rv32im/ilp32\libc.a(lib_a-memset.o)
 .bss           0x0000000000000000        0x0 c:/microsemi/softconsole_v6.1/riscv-unknown-elf-gcc/bin/../lib/gcc/riscv64-unknown-elf/8.1.0/../../../../riscv64-unknown-elf/lib/rv32im/ilp32\libc.a(lib_a-memset.o)
 .text          0x0000000000000000        0x0 c:/microsemi/softconsole_v6.1/riscv-unknown-elf-gcc/bin/../lib/gcc/riscv64-unknown-elf/8.1.0/../../../../riscv64-unknown-elf/lib/rv32im/ilp32\libc.a(lib_a-sysisatty.o)
 .data          0x0000000000000000        0x0 c:/microsemi/softconsole_v6.1/riscv-unknown-elf-gcc/bin/../lib/gcc/riscv64-unknown-elf/8.1.0/../../../../riscv64-unknown-elf/lib/rv32im/ilp32\libc.a(lib_a-sysisatty.o)
 .bss           0x0000000000000000        0x0 c:/microsemi/softconsole_v6.1/riscv-unknown-elf-gcc/bin/../lib/gcc/riscv64-unknown-elf/8.1.0/../../../../riscv64-unknown-elf/lib/rv32im/ilp32\libc.a(lib_a-sysisatty.o)
 .text.isatty   0x0000000000000000        0x8 c:/microsemi/softconsole_v6.1/riscv-unknown-elf-gcc/bin/../lib/gcc/riscv64-unknown-elf/8.1.0/../../../../riscv64-unknown-elf/lib/rv32im/ilp32\libc.a(lib_a-sysisatty.o)
 .debug_frame   0x0000000000000000       0x20 c:/microsemi/softconsole_v6.1/riscv-unknown-elf-gcc/bin/../lib/gcc/riscv64-unknown-elf/8.1.0/../../../../riscv64-unknown-elf/lib/rv32im/ilp32\libc.a(lib_a-sysisatty.o)
 .text          0x0000000000000000        0x0 c:/microsemi/softconsole_v6.1/riscv-unknown-elf-gcc/bin/../lib/gcc/riscv64-unknown-elf/8.1.0/../../../../riscv64-unknown-elf/lib/rv32im/ilp32\libc.a(lib_a-syswrite.o)
 .data          0x0000000000000000        0x0 c:/microsemi/softconsole_v6.1/riscv-unknown-elf-gcc/bin/../lib/gcc/riscv64-unknown-elf/8.1.0/../../../../riscv64-unknown-elf/lib/rv32im/ilp32\libc.a(lib_a-syswrite.o)
 .bss           0x0000000000000000        0x0 c:/microsemi/softconsole_v6.1/riscv-unknown-elf-gcc/bin/../lib/gcc/riscv64-unknown-elf/8.1.0/../../../../riscv64-unknown-elf/lib/rv32im/ilp32\libc.a(lib_a-syswrite.o)
 .text.write    0x0000000000000000       0x20 c:/microsemi/softconsole_v6.1/riscv-unknown-elf-gcc/bin/../lib/gcc/riscv64-unknown-elf/8.1.0/../../../../riscv64-unknown-elf/lib/rv32im/ilp32\libc.a(lib_a-syswrite.o)
 .debug_frame   0x0000000000000000       0x20 c:/microsemi/softconsole_v6.1/riscv-unknown-elf-gcc/bin/../lib/gcc/riscv64-unknown-elf/8.1.0/../../../../riscv64-unknown-elf/lib/rv32im/ilp32\libc.a(lib_a-syswrite.o)
 .text          0x0000000000000000        0x0 c:/microsemi/softconsole_v6.1/riscv-unknown-elf-gcc/bin/../lib/gcc/riscv64-unknown-elf/8.1.0/../../../../riscv64-unknown-elf/lib/rv32im/ilp32\libc.a(lib_a-writer.o)
 .data          0x0000000000000000        0x0 c:/microsemi/softconsole_v6.1/riscv-unknown-elf-gcc/bin/../lib/gcc/riscv64-unknown-elf/8.1.0/../../../../riscv64-unknown-elf/lib/rv32im/ilp32\libc.a(lib_a-writer.o)
 .bss           0x0000000000000000        0x0 c:/microsemi/softconsole_v6.1/riscv-unknown-elf-gcc/bin/../lib/gcc/riscv64-unknown-elf/8.1.0/../../../../riscv64-unknown-elf/lib/rv32im/ilp32\libc.a(lib_a-writer.o)
 .text._write_r
                0x0000000000000000       0x6c c:/microsemi/softconsole_v6.1/riscv-unknown-elf-gcc/bin/../lib/gcc/riscv64-unknown-elf/8.1.0/../../../../riscv64-unknown-elf/lib/rv32im/ilp32\libc.a(lib_a-writer.o)
 .debug_frame   0x0000000000000000       0x3c c:/microsemi/softconsole_v6.1/riscv-unknown-elf-gcc/bin/../lib/gcc/riscv64-unknown-elf/8.1.0/../../../../riscv64-unknown-elf/lib/rv32im/ilp32\libc.a(lib_a-writer.o)
 .text          0x0000000000000000        0x0 c:/microsemi/softconsole_v6.1/riscv-unknown-elf-gcc/bin/../lib/gcc/riscv64-unknown-elf/8.1.0/../../../../riscv64-unknown-elf/lib/rv32im/ilp32\libc.a(lib_a-impure.o)
 .data          0x0000000000000000        0x0 c:/microsemi/softconsole_v6.1/riscv-unknown-elf-gcc/bin/../lib/gcc/riscv64-unknown-elf/8.1.0/../../../../riscv64-unknown-elf/lib/rv32im/ilp32\libc.a(lib_a-impure.o)
 .bss           0x0000000000000000        0x0 c:/microsemi/softconsole_v6.1/riscv-unknown-elf-gcc/bin/../lib/gcc/riscv64-unknown-elf/8.1.0/../../../../riscv64-unknown-elf/lib/rv32im/ilp32\libc.a(lib_a-impure.o)
 .data.impure_data
                0x0000000000000000      0x428 c:/microsemi/softconsole_v6.1/riscv-unknown-elf-gcc/bin/../lib/gcc/riscv64-unknown-elf/8.1.0/../../../../riscv64-unknown-elf/lib/rv32im/ilp32\libc.a(lib_a-impure.o)
 .sdata._impure_ptr
                0x0000000000000000        0x4 c:/microsemi/softconsole_v6.1/riscv-unknown-elf-gcc/bin/../lib/gcc/riscv64-unknown-elf/8.1.0/../../../../riscv64-unknown-elf/lib/rv32im/ilp32\libc.a(lib_a-impure.o)
 .sdata2._global_impure_ptr
                0x0000000000000000        0x4 c:/microsemi/softconsole_v6.1/riscv-unknown-elf-gcc/bin/../lib/gcc/riscv64-unknown-elf/8.1.0/../../../../riscv64-unknown-elf/lib/rv32im/ilp32\libc.a(lib_a-impure.o)

Memory Configuration

Name             Origin             Length             Attributes
ram              0x0000000080000000 0x0000000000010000 xrw
*default*        0x0000000000000000 0xffffffffffffffff

Linker script and memory map

LOAD ./riscv_hal/entry.o
LOAD ./riscv_hal/init.o
LOAD ./riscv_hal/riscv_hal.o
LOAD ./riscv_hal/riscv_hal_stubs.o
LOAD ./riscv_hal/syscall.o
LOAD ./hal/hal_irq.o
LOAD ./hal/hw_reg_access.o
LOAD ./drivers/CoreUARTapb/core_uart_apb.o
LOAD ./drivers/CoreSPI/core_spi.o
LOAD ./drivers/CoreGPIO/core_gpio.o
LOAD ./main.o
LOAD c:/microsemi/softconsole_v6.1/riscv-unknown-elf-gcc/bin/../lib/gcc/riscv64-unknown-elf/8.1.0/rv32im/ilp32\libgcc.a
START GROUP
LOAD c:/microsemi/softconsole_v6.1/riscv-unknown-elf-gcc/bin/../lib/gcc/riscv64-unknown-elf/8.1.0/../../../../riscv64-unknown-elf/lib/rv32im/ilp32\libc.a
LOAD c:/microsemi/softconsole_v6.1/riscv-unknown-elf-gcc/bin/../lib/gcc/riscv64-unknown-elf/8.1.0/../../../../riscv64-unknown-elf/lib/rv32im/ilp32\libgloss.a
END GROUP
LOAD c:/microsemi/softconsole_v6.1/riscv-unknown-elf-gcc/bin/../lib/gcc/riscv64-unknown-elf/8.1.0/rv32im/ilp32\libgcc.a
                0x0000000080000000                RAM_START_ADDRESS = 0x80000000
                0x0000000000010000                RAM_SIZE = 0x10000
                0x0000000000000800                STACK_SIZE = 0x800
                0x0000000000000800                HEAP_SIZE = 0x800

.text           0x0000000080000000      0xc40
 *(SORT_NONE(.text.entry))
 .text.entry    0x0000000080000000      0x160 ./riscv_hal/entry.o
                0x0000000080000000                _start
                0x0000000080000160                . = ALIGN (0x10)
 *(.text .text.* .gnu.linkonce.t.*)
 .text._init    0x0000000080000160       0xc0 ./riscv_hal/init.o
                0x0000000080000160                _init
 .text._fini    0x0000000080000220        0x4 ./riscv_hal/init.o
                0x0000000080000220                _fini
 .text.handle_trap
                0x0000000080000224      0x168 ./riscv_hal/riscv_hal.o
                0x0000000080000224                handle_trap
 .text.Software_IRQHandler
                0x000000008000038c       0x10 ./riscv_hal/riscv_hal_stubs.o
                0x000000008000038c                Software_IRQHandler
 .text.SysTick_Handler
                0x000000008000039c        0x4 ./riscv_hal/riscv_hal_stubs.o
                0x000000008000039c                SysTick_Handler
 .text.Invalid_IRQHandler
                0x00000000800003a0        0x8 ./riscv_hal/riscv_hal_stubs.o
                0x00000000800003a0                Invalid_IRQHandler
 .text.External_1_IRQHandler
                0x00000000800003a8        0x8 ./riscv_hal/riscv_hal_stubs.o
                0x00000000800003a8                External_1_IRQHandler
 .text.External_2_IRQHandler
                0x00000000800003b0        0x8 ./riscv_hal/riscv_hal_stubs.o
                0x00000000800003b0                External_2_IRQHandler
 .text.External_3_IRQHandler
                0x00000000800003b8        0x8 ./riscv_hal/riscv_hal_stubs.o
                0x00000000800003b8                External_3_IRQHandler
 .text.External_4_IRQHandler
                0x00000000800003c0        0x8 ./riscv_hal/riscv_hal_stubs.o
                0x00000000800003c0                External_4_IRQHandler
 .text.External_5_IRQHandler
                0x00000000800003c8        0x8 ./riscv_hal/riscv_hal_stubs.o
                0x00000000800003c8                External_5_IRQHandler
 .text.External_6_IRQHandler
                0x00000000800003d0        0x8 ./riscv_hal/riscv_hal_stubs.o
                0x00000000800003d0                External_6_IRQHandler
 .text.External_7_IRQHandler
                0x00000000800003d8        0x8 ./riscv_hal/riscv_hal_stubs.o
                0x00000000800003d8                External_7_IRQHandler
 .text.External_8_IRQHandler
                0x00000000800003e0        0x8 ./riscv_hal/riscv_hal_stubs.o
                0x00000000800003e0                External_8_IRQHandler
 .text.External_9_IRQHandler
                0x00000000800003e8        0x8 ./riscv_hal/riscv_hal_stubs.o
                0x00000000800003e8                External_9_IRQHandler
 .text.External_10_IRQHandler
                0x00000000800003f0        0x8 ./riscv_hal/riscv_hal_stubs.o
                0x00000000800003f0                External_10_IRQHandler
 .text.External_11_IRQHandler
                0x00000000800003f8        0x8 ./riscv_hal/riscv_hal_stubs.o
                0x00000000800003f8                External_11_IRQHandler
 .text.External_12_IRQHandler
                0x0000000080000400        0x8 ./riscv_hal/riscv_hal_stubs.o
                0x0000000080000400                External_12_IRQHandler
 .text.External_13_IRQHandler
                0x0000000080000408        0x8 ./riscv_hal/riscv_hal_stubs.o
                0x0000000080000408                External_13_IRQHandler
 .text.External_14_IRQHandler
                0x0000000080000410        0x8 ./riscv_hal/riscv_hal_stubs.o
                0x0000000080000410                External_14_IRQHandler
 .text.External_15_IRQHandler
                0x0000000080000418        0x8 ./riscv_hal/riscv_hal_stubs.o
                0x0000000080000418                External_15_IRQHandler
 .text.External_16_IRQHandler
                0x0000000080000420        0x8 ./riscv_hal/riscv_hal_stubs.o
                0x0000000080000420                External_16_IRQHandler
 .text.External_17_IRQHandler
                0x0000000080000428        0x8 ./riscv_hal/riscv_hal_stubs.o
                0x0000000080000428                External_17_IRQHandler
 .text.External_18_IRQHandler
                0x0000000080000430        0x8 ./riscv_hal/riscv_hal_stubs.o
                0x0000000080000430                External_18_IRQHandler
 .text.External_19_IRQHandler
                0x0000000080000438        0x8 ./riscv_hal/riscv_hal_stubs.o
                0x0000000080000438                External_19_IRQHandler
 .text.External_20_IRQHandler
                0x0000000080000440        0x8 ./riscv_hal/riscv_hal_stubs.o
                0x0000000080000440                External_20_IRQHandler
 .text.External_21_IRQHandler
                0x0000000080000448        0x8 ./riscv_hal/riscv_hal_stubs.o
                0x0000000080000448                External_21_IRQHandler
 .text.External_22_IRQHandler
                0x0000000080000450        0x8 ./riscv_hal/riscv_hal_stubs.o
                0x0000000080000450                External_22_IRQHandler
 .text.External_23_IRQHandler
                0x0000000080000458        0x8 ./riscv_hal/riscv_hal_stubs.o
                0x0000000080000458                External_23_IRQHandler
 .text.External_24_IRQHandler
                0x0000000080000460        0x8 ./riscv_hal/riscv_hal_stubs.o
                0x0000000080000460                External_24_IRQHandler
 .text.External_25_IRQHandler
                0x0000000080000468        0x8 ./riscv_hal/riscv_hal_stubs.o
                0x0000000080000468                External_25_IRQHandler
 .text.External_26_IRQHandler
                0x0000000080000470        0x8 ./riscv_hal/riscv_hal_stubs.o
                0x0000000080000470                External_26_IRQHandler
 .text.External_27_IRQHandler
                0x0000000080000478        0x8 ./riscv_hal/riscv_hal_stubs.o
                0x0000000080000478                External_27_IRQHandler
 .text.External_28_IRQHandler
                0x0000000080000480        0x8 ./riscv_hal/riscv_hal_stubs.o
                0x0000000080000480                External_28_IRQHandler
 .text.External_29_IRQHandler
                0x0000000080000488        0x8 ./riscv_hal/riscv_hal_stubs.o
                0x0000000080000488                External_29_IRQHandler
 .text.External_30_IRQHandler
                0x0000000080000490        0x8 ./riscv_hal/riscv_hal_stubs.o
                0x0000000080000490                External_30_IRQHandler
 .text.External_31_IRQHandler
                0x0000000080000498        0x8 ./riscv_hal/riscv_hal_stubs.o
                0x0000000080000498                External_31_IRQHandler
 .text._exit    0x00000000800004a0        0x4 ./riscv_hal/syscall.o
                0x00000000800004a0                _exit
 .text          0x00000000800004a4       0xd8 ./hal/hw_reg_access.o
                0x00000000800004a4                HW_set_32bit_reg
                0x00000000800004ac                HW_get_32bit_reg
                0x00000000800004b4                HW_set_32bit_reg_field
                0x00000000800004dc                HW_get_32bit_reg_field
                0x00000000800004ec                HW_set_16bit_reg
                0x00000000800004f4                HW_get_16bit_reg
                0x00000000800004fc                HW_set_16bit_reg_field
                0x0000000080000524                HW_get_16bit_reg_field
                0x0000000080000534                HW_set_8bit_reg
                0x000000008000053c                HW_get_8bit_reg
                0x0000000080000544                HW_set_8bit_reg_field
                0x000000008000056c                HW_get_8bit_reg_field
 .text.UART_init
                0x000000008000057c       0xac ./drivers/CoreUARTapb/core_uart_apb.o
                0x000000008000057c                UART_init
 .text.UART_polled_tx_string
                0x0000000080000628       0x68 ./drivers/CoreUARTapb/core_uart_apb.o
                0x0000000080000628                UART_polled_tx_string
 .text.GPIO_init
                0x0000000080000690      0x11c ./drivers/CoreGPIO/core_gpio.o
                0x0000000080000690                GPIO_init
 .text.GPIO_config
                0x00000000800007ac       0x20 ./drivers/CoreGPIO/core_gpio.o
                0x00000000800007ac                GPIO_config
 .text.GPIO_set_outputs
                0x00000000800007cc       0xec ./drivers/CoreGPIO/core_gpio.o
                0x00000000800007cc                GPIO_set_outputs
 .text.GPIO_get_outputs
                0x00000000800008b8       0xe4 ./drivers/CoreGPIO/core_gpio.o
                0x00000000800008b8                GPIO_get_outputs
 .text.GPIO_set_output
                0x000000008000099c      0x190 ./drivers/CoreGPIO/core_gpio.o
                0x000000008000099c                GPIO_set_output
 .text.startup.main
                0x0000000080000b2c      0x100 ./main.o
                0x0000000080000b2c                main
 *(.plt)
                0x0000000080000c30                . = ALIGN (0x10)
 *fill*         0x0000000080000c2c        0x4 
 *crtbegin.o(.ctors)
 *(EXCLUDE_FILE(*crtend.o) .ctors)
 *(SORT_BY_NAME(.ctors.*))
 *crtend.o(.ctors)
 *crtbegin.o(.dtors)
 *(EXCLUDE_FILE(*crtend.o) .dtors)
 *(SORT_BY_NAME(.dtors.*))
 *crtend.o(.dtors)
 *(.rodata .rodata.* .gnu.linkonce.r.*)
 .rodata._init.str1.4
                0x0000000080000c30        0x8 ./riscv_hal/init.o
                                          0x6 (size before relaxing)
 *(.gcc_except_table)
 *(.eh_frame_hdr)
 *(.eh_frame)
 *(.init)
 *(.fini)
                [!provide]                        PROVIDE (__preinit_array_start = .)
 *(.preinit_array)
                [!provide]                        PROVIDE (__preinit_array_end = .)
                [!provide]                        PROVIDE (__init_array_start = .)
 *(SORT_BY_NAME(.init_array.*))
 *(.init_array)
                [!provide]                        PROVIDE (__init_array_end = .)
                [!provide]                        PROVIDE (__fini_array_start = .)
 *(.fini_array)
 *(SORT_BY_NAME(.fini_array.*))
                [!provide]                        PROVIDE (__fini_array_end = .)
                0x0000000080000c40                . = ALIGN (0x10)
 *fill*         0x0000000080000c38        0x8 

.rela.dyn       0x0000000080000c40        0x0
 .rela.text.entry
                0x0000000080000c40        0x0 ./riscv_hal/entry.o
 .rela.text._init
                0x0000000080000c40        0x0 ./riscv_hal/entry.o
 .rela.text.handle_trap
                0x0000000080000c40        0x0 ./riscv_hal/entry.o
 .rela.data.ext_irq_handler_table
                0x0000000080000c40        0x0 ./riscv_hal/entry.o
 .rela.text.startup.main
                0x0000000080000c40        0x0 ./riscv_hal/entry.o

.sdata          0x0000000080000c40        0x0
                0x0000000080000c40                __sdata_load = LOADADDR (.sdata)
                0x0000000080000c40                __sdata_start = .
                0x0000000080001440                PROVIDE (__global_pointer$ = (. + 0x800))
 *(.srodata.cst16)
 *(.srodata.cst8)
 *(.srodata.cst4)
 *(.srodata.cst2)
 *(.srodata*)
 *(.sdata .sdata.* .gnu.linkonce.s.*)
                0x0000000080000c40                . = ALIGN (0x10)
                0x0000000080000c40                __sdata_end = .

.data           0x0000000080000c40       0xa0
                0x0000000080000c40                __data_load = LOADADDR (.data)
                0x0000000080000c40                __data_start = .
 *(.got.plt)
 *(.got)
 *(.shdata)
 *(.data .data.* .gnu.linkonce.d.*)
 .data.ext_irq_handler_table
                0x0000000080000c40       0x80 ./riscv_hal/riscv_hal.o
                0x0000000080000c40                ext_irq_handler_table
 .data.testmsg  0x0000000080000cc0       0x12 ./main.o
                0x0000000080000cc0                testmsg
                0x0000000080000ce0                . = ALIGN (0x10)
 *fill*         0x0000000080000cd2        0xe 
                0x0000000080000ce0                __data_end = .

.sbss           0x0000000080000ce0       0x10
                0x0000000080000ce0                __sbss_start = .
 *(.sbss .sbss.* .gnu.linkonce.sb.*)
 .sbss.g_systick_increment
                0x0000000080000ce0        0x8 ./riscv_hal/riscv_hal.o
 *(.scommon)
                0x0000000080000cf0                . = ALIGN (0x10)
 *fill*         0x0000000080000ce8        0x8 
                0x0000000080000cf0                __sbss_end = .

.bss            0x0000000080000cf0       0x10
                0x0000000080000cf0                __bss_start = .
 *(.shbss)
 *(.bss .bss.* .gnu.linkonce.b.*)
 *(COMMON)
 COMMON         0x0000000080000cf0       0x10 ./main.o
                0x0000000080000cf0                g_gpio_out
                0x0000000080000cf8                g_uart
                0x0000000080000d00                . = ALIGN (0x10)
                0x0000000080000d00                __bss_end = .
                0x0000000080000d00                _end = .

.heap           0x0000000080000d00      0x800
                0x0000000080000d00                __heap_start = .
                0x0000000080001500                . = (. + HEAP_SIZE)
 *fill*         0x0000000080000d00      0x800 
                0x0000000080001500                __heap_end = .
                0x0000000080001500                . = ALIGN (0x10)
                0x0000000080001500                _heap_end = __heap_end

.stack          0x0000000080001500      0x800
                0x0000000080001500                __stack_bottom = .
                0x0000000080001d00                . = (. + STACK_SIZE)
 *fill*         0x0000000080001500      0x800 
                0x0000000080001d00                __stack_top = .
OUTPUT(MiV_uart_blinky.elf elf32-littleriscv)

.debug_line     0x0000000000000000     0x30ed
 .debug_line    0x0000000000000000      0x237 ./riscv_hal/entry.o
 .debug_line    0x0000000000000237      0x371 ./riscv_hal/init.o
 .debug_line    0x00000000000005a8      0x6a6 ./riscv_hal/riscv_hal.o
 .debug_line    0x0000000000000c4e      0x18e ./riscv_hal/riscv_hal_stubs.o
 .debug_line    0x0000000000000ddc      0x868 ./riscv_hal/syscall.o
 .debug_line    0x0000000000001644      0x185 ./hal/hw_reg_access.o
 .debug_line    0x00000000000017c9      0x68a ./drivers/CoreUARTapb/core_uart_apb.o
 .debug_line    0x0000000000001e53      0xefe ./drivers/CoreGPIO/core_gpio.o
 .debug_line    0x0000000000002d51      0x39c ./main.o

.debug_info     0x0000000000000000     0x4782
 .debug_info    0x0000000000000000       0x26 ./riscv_hal/entry.o
 .debug_info    0x0000000000000026      0xbc0 ./riscv_hal/init.o
 .debug_info    0x0000000000000be6     0x11ea ./riscv_hal/riscv_hal.o
 .debug_info    0x0000000000001dd0      0x2ba ./riscv_hal/riscv_hal_stubs.o
 .debug_info    0x000000000000208a     0x1373 ./riscv_hal/syscall.o
 .debug_info    0x00000000000033fd       0x26 ./hal/hw_reg_access.o
 .debug_info    0x0000000000003423      0x41e ./drivers/CoreUARTapb/core_uart_apb.o
 .debug_info    0x0000000000003841      0xa87 ./drivers/CoreGPIO/core_gpio.o
 .debug_info    0x00000000000042c8      0x4ba ./main.o

.debug_abbrev   0x0000000000000000      0xfc4
 .debug_abbrev  0x0000000000000000       0x14 ./riscv_hal/entry.o
 .debug_abbrev  0x0000000000000014      0x2ae ./riscv_hal/init.o
 .debug_abbrev  0x00000000000002c2      0x3de ./riscv_hal/riscv_hal.o
 .debug_abbrev  0x00000000000006a0       0xed ./riscv_hal/riscv_hal_stubs.o
 .debug_abbrev  0x000000000000078d      0x3d0 ./riscv_hal/syscall.o
 .debug_abbrev  0x0000000000000b5d       0x14 ./hal/hw_reg_access.o
 .debug_abbrev  0x0000000000000b71      0x13c ./drivers/CoreUARTapb/core_uart_apb.o
 .debug_abbrev  0x0000000000000cad      0x1d2 ./drivers/CoreGPIO/core_gpio.o
 .debug_abbrev  0x0000000000000e7f      0x145 ./main.o

.debug_aranges  0x0000000000000000      0x260
 .debug_aranges
                0x0000000000000000       0x20 ./riscv_hal/entry.o
 .debug_aranges
                0x0000000000000020       0x28 ./riscv_hal/init.o
 .debug_aranges
                0x0000000000000048       0x38 ./riscv_hal/riscv_hal.o
 .debug_aranges
                0x0000000000000080       0x30 ./riscv_hal/riscv_hal_stubs.o
 .debug_aranges
                0x00000000000000b0       0xb0 ./riscv_hal/syscall.o
 .debug_aranges
                0x0000000000000160       0x20 ./hal/hw_reg_access.o
 .debug_aranges
                0x0000000000000180       0x48 ./drivers/CoreUARTapb/core_uart_apb.o
 .debug_aranges
                0x00000000000001c8       0x78 ./drivers/CoreGPIO/core_gpio.o
 .debug_aranges
                0x0000000000000240       0x20 ./main.o

.debug_str      0x0000000000000000     0x155f
 .debug_str     0x0000000000000000       0x97 ./riscv_hal/entry.o
 .debug_str     0x0000000000000097      0x5c9 ./riscv_hal/init.o
                                        0x6c9 (size before relaxing)
 .debug_str     0x0000000000000660      0x47d ./riscv_hal/riscv_hal.o
                                        0xa8f (size before relaxing)
 .debug_str     0x0000000000000add      0x2f8 ./riscv_hal/riscv_hal_stubs.o
                                        0x50d (size before relaxing)
 .debug_str     0x0000000000000dd5      0x241 ./riscv_hal/syscall.o
                                        0x8c8 (size before relaxing)
 .debug_str     0x0000000000001016       0x17 ./hal/hw_reg_access.o
                                         0x99 (size before relaxing)
 .debug_str     0x000000000000102d      0x171 ./drivers/CoreUARTapb/core_uart_apb.o
                                        0x34f (size before relaxing)
 .debug_str     0x000000000000119e      0x37a ./drivers/CoreGPIO/core_gpio.o
                                        0x5dd (size before relaxing)
 .debug_str     0x0000000000001518       0x47 ./main.o
                                        0x467 (size before relaxing)

.debug_loc      0x0000000000000000     0x18ac
 .debug_loc     0x0000000000000000      0x114 ./riscv_hal/init.o
 .debug_loc     0x0000000000000114      0x1ba ./riscv_hal/riscv_hal.o
 .debug_loc     0x00000000000002ce      0x456 ./riscv_hal/syscall.o
 .debug_loc     0x0000000000000724      0x4d8 ./drivers/CoreUARTapb/core_uart_apb.o
 .debug_loc     0x0000000000000bfc      0xc8e ./drivers/CoreGPIO/core_gpio.o
 .debug_loc     0x000000000000188a       0x22 ./main.o

.debug_ranges   0x0000000000000000      0x2d0
 .debug_ranges  0x0000000000000000       0x98 ./riscv_hal/init.o
 .debug_ranges  0x0000000000000098       0x40 ./riscv_hal/riscv_hal.o
 .debug_ranges  0x00000000000000d8       0x20 ./riscv_hal/riscv_hal_stubs.o
 .debug_ranges  0x00000000000000f8       0xa0 ./riscv_hal/syscall.o
 .debug_ranges  0x0000000000000198       0x38 ./drivers/CoreUARTapb/core_uart_apb.o
 .debug_ranges  0x00000000000001d0       0xd8 ./drivers/CoreGPIO/core_gpio.o
 .debug_ranges  0x00000000000002a8       0x28 ./main.o

.comment        0x0000000000000000       0x57
 .comment       0x0000000000000000       0x57 ./riscv_hal/init.o
                                         0x58 (size before relaxing)
 .comment       0x0000000000000057       0x58 ./riscv_hal/riscv_hal.o
 .comment       0x0000000000000057       0x58 ./riscv_hal/riscv_hal_stubs.o
 .comment       0x0000000000000057       0x58 ./riscv_hal/syscall.o
 .comment       0x0000000000000057       0x58 ./drivers/CoreUARTapb/core_uart_apb.o
 .comment       0x0000000000000057       0x58 ./drivers/CoreGPIO/core_gpio.o
 .comment       0x0000000000000057       0x58 ./main.o

.debug_frame    0x0000000000000000      0x8a0
 .debug_frame   0x0000000000000000       0x40 ./riscv_hal/init.o
 .debug_frame   0x0000000000000040       0x6c ./riscv_hal/riscv_hal.o
 .debug_frame   0x00000000000000ac      0x238 ./riscv_hal/riscv_hal_stubs.o
 .debug_frame   0x00000000000002e4      0x198 ./riscv_hal/syscall.o
 .debug_frame   0x000000000000047c      0x11c ./drivers/CoreUARTapb/core_uart_apb.o
 .debug_frame   0x0000000000000598      0x2dc ./drivers/CoreGPIO/core_gpio.o
 .debug_frame   0x0000000000000874       0x2c ./main.o
