Timing Violation Report Max Delay Analysis

SmartTime Version 
Microsemi Corporation - Microsemi Libero Software Release  (Version 12.700.0.21)
Date: Fri Sep 20 12:47:28 2019


Design: top
Family: PolarFire
Die: MPF300TS
Package: FCG1152
Temperature Range: -40 - 100 C
Voltage Range: 1.0185 - 1.0815 V
Speed Grade: -1
Design State: Post-Layout
Data source: Production
Operating Conditions: slow_lv_ht
Scenario for Timing Analysis: timing_analysis


Path 1
  From: DDR3_0_0/MSC_i_0/MSC_i_1/MSC_i_4/MSC_i_183/MSC_i_187/burst_xfer_active:CLK
  To:   DDR3_0_0/MSC_i_0/MSC_i_1/MSC_i_4/MSC_i_183/MSC_i_187/raddr_int[13]:D
  Delay (ns):              3.281
  Slack (ns):              2.600
  Arrival (ns):            9.761
  Required (ns):          12.361

Path 2
  From: DDR3_0_0/MSC_i_0/MSC_i_1/MSC_i_4/MSC_i_183/MSC_i_187/burst_xfer_active:CLK
  To:   DDR3_0_0/MSC_i_0/MSC_i_1/MSC_i_4/MSC_i_183/MSC_i_187/raddr_int[11]:D
  Delay (ns):              3.279
  Slack (ns):              2.602
  Arrival (ns):            9.759
  Required (ns):          12.361

Path 3
  From: DDR3_0_0/MSC_i_0/MSC_i_1/MSC_i_4/MSC_i_183/MSC_i_187/burst_xfer_active:CLK
  To:   DDR3_0_0/MSC_i_0/MSC_i_1/MSC_i_4/MSC_i_183/MSC_i_187/raddr_int[21]:D
  Delay (ns):              3.277
  Slack (ns):              2.604
  Arrival (ns):            9.757
  Required (ns):          12.361

Path 4
  From: DDR3_0_0/MSC_i_0/MSC_i_1/MSC_i_4/MSC_i_183/MSC_i_187/burst_xfer_active:CLK
  To:   DDR3_0_0/MSC_i_0/MSC_i_1/MSC_i_4/MSC_i_183/MSC_i_187/raddr_int[17]:D
  Delay (ns):              3.275
  Slack (ns):              2.606
  Arrival (ns):            9.755
  Required (ns):          12.361

Path 5
  From: DDR3_0_0/MSC_i_0/MSC_i_1/MSC_i_4/MSC_i_183/MSC_i_187/burst_xfer_active:CLK
  To:   DDR3_0_0/MSC_i_0/MSC_i_1/MSC_i_4/MSC_i_183/MSC_i_187/raddr_int[28]:D
  Delay (ns):              3.268
  Slack (ns):              2.612
  Arrival (ns):            9.748
  Required (ns):          12.360

Path 6
  From: DDR3_0_0/MSC_i_0/MSC_i_1/MSC_i_4/MSC_i_183/MSC_i_187/burst_xfer_active:CLK
  To:   DDR3_0_0/MSC_i_0/MSC_i_1/MSC_i_4/MSC_i_183/MSC_i_187/raddr_int[12]:D
  Delay (ns):              3.264
  Slack (ns):              2.617
  Arrival (ns):            9.744
  Required (ns):          12.361

Path 7
  From: DDR3_0_0/MSC_i_0/MSC_i_1/MSC_i_4/MSC_i_183/MSC_i_187/burst_xfer_active:CLK
  To:   DDR3_0_0/MSC_i_0/MSC_i_1/MSC_i_4/MSC_i_183/MSC_i_187/raddr_int[14]:D
  Delay (ns):              3.264
  Slack (ns):              2.617
  Arrival (ns):            9.744
  Required (ns):          12.361

Path 8
  From: DDR3_0_0/MSC_i_0/MSC_i_1/MSC_i_4/MSC_i_183/MSC_i_187/burst_xfer_active:CLK
  To:   DDR3_0_0/MSC_i_0/MSC_i_1/MSC_i_4/MSC_i_183/MSC_i_187/raddr_int[24]:D
  Delay (ns):              3.262
  Slack (ns):              2.619
  Arrival (ns):            9.742
  Required (ns):          12.361

Path 9
  From: DDR3_0_0/MSC_i_0/MSC_i_1/MSC_i_4/MSC_i_183/MSC_i_187/burst_xfer_active:CLK
  To:   DDR3_0_0/MSC_i_0/MSC_i_1/MSC_i_4/MSC_i_183/MSC_i_187/raddr_int[8]:D
  Delay (ns):              3.245
  Slack (ns):              2.623
  Arrival (ns):            9.725
  Required (ns):          12.348

Path 10
  From: DDR3_0_0/MSC_i_0/MSC_i_1/MSC_i_4/MSC_i_183/MSC_i_187/burst_xfer_active:CLK
  To:   DDR3_0_0/MSC_i_0/MSC_i_1/MSC_i_4/MSC_i_183/MSC_i_187/raddr_int[7]:D
  Delay (ns):              3.242
  Slack (ns):              2.626
  Arrival (ns):            9.722
  Required (ns):          12.348

Path 11
  From: DDR3_0_0/MSC_i_0/MSC_i_1/MSC_i_4/MSC_i_183/MSC_i_187/burst_xfer_active:CLK
  To:   DDR3_0_0/MSC_i_0/MSC_i_1/MSC_i_4/MSC_i_183/MSC_i_187/raddr_int[6]:D
  Delay (ns):              3.250
  Slack (ns):              2.636
  Arrival (ns):            9.730
  Required (ns):          12.366

Path 12
  From: DDR3_0_0/MSC_i_0/MSC_i_1/MSC_i_4/MSC_i_190/init_sm[2]:CLK
  To:   DDR3_0_0/MSC_i_0/MSC_i_1/MSC_i_4/MSC_i_190/MSC_i_191/dorw[2]:SLn
  Delay (ns):              3.159
  Slack (ns):              2.669
  Arrival (ns):            9.647
  Required (ns):          12.316

Path 13
  From: DDR3_0_0/MSC_i_0/MSC_i_1/MSC_i_4/MSC_i_190/init_sm[2]:CLK
  To:   DDR3_0_0/MSC_i_0/MSC_i_1/MSC_i_4/MSC_i_190/MSC_i_191/dowrite_attr[1]:SLn
  Delay (ns):              3.159
  Slack (ns):              2.669
  Arrival (ns):            9.647
  Required (ns):          12.316

Path 14
  From: DDR3_0_0/MSC_i_0/MSC_i_1/MSC_i_4/MSC_i_190/init_sm[2]:CLK
  To:   DDR3_0_0/MSC_i_0/MSC_i_1/MSC_i_4/MSC_i_190/MSC_i_191/dorw[0]:SLn
  Delay (ns):              3.156
  Slack (ns):              2.672
  Arrival (ns):            9.644
  Required (ns):          12.316

Path 15
  From: DDR3_0_0/MSC_i_0/MSC_i_1/MSC_i_4/MSC_i_190/init_sm[2]:CLK
  To:   DDR3_0_0/MSC_i_0/MSC_i_1/MSC_i_4/MSC_i_190/MSC_i_191/dorw[1]:SLn
  Delay (ns):              3.156
  Slack (ns):              2.672
  Arrival (ns):            9.644
  Required (ns):          12.316

Path 16
  From: DDR3_0_0/MSC_i_0/MSC_i_1/MSC_i_4/MSC_i_183/MSC_i_187/burst_xfer_active:CLK
  To:   DDR3_0_0/MSC_i_0/MSC_i_1/MSC_i_4/MSC_i_183/MSC_i_187/raddr_int[18]:D
  Delay (ns):              3.176
  Slack (ns):              2.694
  Arrival (ns):            9.656
  Required (ns):          12.350

Path 17
  From: DDR3_0_0/MSC_i_0/MSC_i_1/MSC_i_4/MSC_i_183/MSC_i_187/burst_xfer_active:CLK
  To:   DDR3_0_0/MSC_i_0/MSC_i_1/MSC_i_4/MSC_i_183/MSC_i_187/raddr_int[1]:D
  Delay (ns):              3.175
  Slack (ns):              2.695
  Arrival (ns):            9.655
  Required (ns):          12.350

Path 18
  From: DDR3_0_0/MSC_i_0/MSC_i_1/MSC_i_4/MSC_i_183/MSC_i_187/burst_xfer_active:CLK
  To:   DDR3_0_0/MSC_i_0/MSC_i_1/MSC_i_4/MSC_i_190/MSC_i_191/MSC_i_205/pending_cmd:EN
  Delay (ns):              3.127
  Slack (ns):              2.695
  Arrival (ns):            9.607
  Required (ns):          12.302

Path 19
  From: DDR3_0_0/MSC_i_0/MSC_i_1/MSC_i_4/MSC_i_183/MSC_i_187/burst_xfer_active:CLK
  To:   DDR3_0_0/MSC_i_0/MSC_i_1/MSC_i_4/MSC_i_183/MSC_i_187/raddr_int[3]:D
  Delay (ns):              3.167
  Slack (ns):              2.705
  Arrival (ns):            9.647
  Required (ns):          12.352

Path 20
  From: DDR3_0_0/MSC_i_0/MSC_i_1/MSC_i_4/MSC_i_183/MSC_i_187/burst_xfer_active:CLK
  To:   DDR3_0_0/MSC_i_0/MSC_i_1/MSC_i_4/MSC_i_183/MSC_i_187/raddr_int[15]:D
  Delay (ns):              3.163
  Slack (ns):              2.707
  Arrival (ns):            9.643
  Required (ns):          12.350

Path 21
  From: DDR3_0_0/MSC_i_0/MSC_i_1/MSC_i_4/MSC_i_183/MSC_i_187/burst_xfer_active:CLK
  To:   DDR3_0_0/MSC_i_0/MSC_i_1/MSC_i_4/MSC_i_183/MSC_i_187/raddr_int[26]:D
  Delay (ns):              3.163
  Slack (ns):              2.707
  Arrival (ns):            9.643
  Required (ns):          12.350

Path 22
  From: DDR3_0_0/MSC_i_0/MSC_i_1/MSC_i_4/MSC_i_183/MSC_i_187/burst_xfer_active:CLK
  To:   DDR3_0_0/MSC_i_0/MSC_i_1/MSC_i_4/MSC_i_183/MSC_i_187/raddr_int[25]:D
  Delay (ns):              3.162
  Slack (ns):              2.708
  Arrival (ns):            9.642
  Required (ns):          12.350

Path 23
  From: DDR3_0_0/MSC_i_0/MSC_i_1/MSC_i_4/MSC_i_183/MSC_i_187/burst_xfer_active:CLK
  To:   DDR3_0_0/MSC_i_0/MSC_i_1/MSC_i_4/MSC_i_183/MSC_i_187/raddr_int[29]:D
  Delay (ns):              3.160
  Slack (ns):              2.710
  Arrival (ns):            9.640
  Required (ns):          12.350

Path 24
  From: DDR3_0_0/MSC_i_0/MSC_i_1/MSC_i_4/MSC_i_183/MSC_i_187/burst_xfer_active:CLK
  To:   DDR3_0_0/MSC_i_0/MSC_i_1/MSC_i_4/MSC_i_183/MSC_i_187/raddr_int[10]:D
  Delay (ns):              3.156
  Slack (ns):              2.716
  Arrival (ns):            9.636
  Required (ns):          12.352

Path 25
  From: DDR3_0_0/MSC_i_0/MSC_i_1/MSC_i_4/MSC_i_183/MSC_i_187/burst_xfer_active:CLK
  To:   DDR3_0_0/MSC_i_0/MSC_i_1/MSC_i_4/MSC_i_183/MSC_i_187/raddr_int[4]:D
  Delay (ns):              3.155
  Slack (ns):              2.717
  Arrival (ns):            9.635
  Required (ns):          12.352

Path 26
  From: DDR3_0_0/MSC_i_0/MSC_i_1/MSC_i_4/MSC_i_183/rmw_w_req:CLK
  To:   DDR3_0_0/MSC_i_0/MSC_i_1/MSC_i_4/MSC_i_190/MSC_i_191/MSC_i_205/pending_cmd:EN
  Delay (ns):              3.100
  Slack (ns):              2.724
  Arrival (ns):            9.578
  Required (ns):          12.302

Path 27
  From: DDR3_0_0/MSC_i_0/MSC_i_1/MSC_i_4/MSC_i_8/MSC_i_72/MSC_i_73/MSC_i_74/d0[7]:CLK
  To:   DDR3_0_0/MSC_i_0/MSC_i_1/MSC_i_4/MSC_i_8/rd_data_asm_fifo_wr_data[47]:D
  Delay (ns):              3.195
  Slack (ns):              2.734
  Arrival (ns):            9.617
  Required (ns):          12.351

Path 28
  From: DDR3_0_0/MSC_i_0/MSC_i_1/MSC_i_4/MSC_i_190/init_sm[2]:CLK
  To:   DDR3_0_0/MSC_i_0/MSC_i_1/MSC_i_4/MSC_i_190/MSC_i_191/prch[1]:D
  Delay (ns):              3.145
  Slack (ns):              2.742
  Arrival (ns):            9.633
  Required (ns):          12.375

Path 29
  From: DDR3_0_0/MSC_i_0/MSC_i_1/MSC_i_4/MSC_i_8/MSC_i_72/MSC_i_73/MSC_i_74/d0[7]:CLK
  To:   DDR3_0_0/MSC_i_0/MSC_i_1/MSC_i_4/MSC_i_8/rd_data_asm_fifo_wr_data[9]:D
  Delay (ns):              3.186
  Slack (ns):              2.743
  Arrival (ns):            9.608
  Required (ns):          12.351

Path 30
  From: DDR3_0_0/MSC_i_0/MSC_i_1/MSC_i_4/MSC_i_183/rmw_r_req:CLK
  To:   DDR3_0_0/MSC_i_0/MSC_i_1/MSC_i_4/MSC_i_190/MSC_i_191/MSC_i_205/pending_cmd:EN
  Delay (ns):              3.033
  Slack (ns):              2.744
  Arrival (ns):            9.495
  Required (ns):          12.239

Path 31
  From: DDR3_0_0/MSC_i_0/MSC_i_1/MSC_i_4/MSC_i_190/init_sm[4]:CLK
  To:   DDR3_0_0/MSC_i_0/MSC_i_1/MSC_i_4/MSC_i_190/MSC_i_191/dorw[2]:SLn
  Delay (ns):              3.085
  Slack (ns):              2.745
  Arrival (ns):            9.572
  Required (ns):          12.317

Path 32
  From: DDR3_0_0/MSC_i_0/MSC_i_1/MSC_i_4/MSC_i_8/MSC_i_72/MSC_i_73/MSC_i_74/d0[7]:CLK
  To:   DDR3_0_0/MSC_i_0/MSC_i_1/MSC_i_4/MSC_i_8/rd_data_asm_fifo_wr_data[7]:D
  Delay (ns):              3.184
  Slack (ns):              2.745
  Arrival (ns):            9.606
  Required (ns):          12.351

Path 33
  From: DDR3_0_0/MSC_i_0/MSC_i_1/MSC_i_4/MSC_i_190/init_sm[4]:CLK
  To:   DDR3_0_0/MSC_i_0/MSC_i_1/MSC_i_4/MSC_i_190/MSC_i_191/dowrite_attr[1]:SLn
  Delay (ns):              3.084
  Slack (ns):              2.746
  Arrival (ns):            9.571
  Required (ns):          12.317

Path 34
  From: DDR3_0_0/MSC_i_0/MSC_i_1/MSC_i_4/MSC_i_190/init_sm[4]:CLK
  To:   DDR3_0_0/MSC_i_0/MSC_i_1/MSC_i_4/MSC_i_190/MSC_i_191/dorw[1]:SLn
  Delay (ns):              3.082
  Slack (ns):              2.748
  Arrival (ns):            9.569
  Required (ns):          12.317

Path 35
  From: DDR3_0_0/MSC_i_0/MSC_i_1/MSC_i_4/MSC_i_190/init_sm[4]:CLK
  To:   DDR3_0_0/MSC_i_0/MSC_i_1/MSC_i_4/MSC_i_190/MSC_i_191/dorw[0]:SLn
  Delay (ns):              3.080
  Slack (ns):              2.750
  Arrival (ns):            9.567
  Required (ns):          12.317

Path 36
  From: DDR3_0_0/MSC_i_0/MSC_i_1/MSC_i_4/MSC_i_183/MSC_i_187/burst_xfer_active:CLK
  To:   DDR3_0_0/MSC_i_0/MSC_i_1/MSC_i_4/MSC_i_183/MSC_i_187/raddr_int[20]:D
  Delay (ns):              3.106
  Slack (ns):              2.764
  Arrival (ns):            9.586
  Required (ns):          12.350

Path 37
  From: DDR3_0_0/MSC_i_0/MSC_i_1/MSC_i_4/MSC_i_8/MSC_i_72/MSC_i_73/MSC_i_74/rd_addr[0]:CLK
  To:   DDR3_0_0/MSC_i_0/MSC_i_1/MSC_i_4/MSC_i_8/rd_data_asm_fifo_wr_data[47]:D
  Delay (ns):              3.155
  Slack (ns):              2.764
  Arrival (ns):            9.587
  Required (ns):          12.351

Path 38
  From: DDR3_0_0/MSC_i_0/MSC_i_1/MSC_i_225/MSC_i_226/cal_select:CLK
  To:   DDR3_0_0/MSC_i_0/MSC_i_1/MSC_i_4/MSC_i_190/MSC_i_191/MSC_i_205/pending_cmd:EN
  Delay (ns):              2.994
  Slack (ns):              2.766
  Arrival (ns):            9.473
  Required (ns):          12.239

Path 39
  From: DDR3_0_0/MSC_i_0/MSC_i_1/MSC_i_4/MSC_i_183/MSC_i_187/burst_xfer_active:CLK
  To:   DDR3_0_0/MSC_i_0/MSC_i_1/MSC_i_4/MSC_i_183/MSC_i_187/raddr_int[22]:D
  Delay (ns):              3.104
  Slack (ns):              2.766
  Arrival (ns):            9.584
  Required (ns):          12.350

Path 40
  From: DDR3_0_0/MSC_i_0/MSC_i_1/MSC_i_4/MSC_i_190/init_sm[2]:CLK
  To:   DDR3_0_0/MSC_i_0/MSC_i_1/MSC_i_4/MSC_i_190/MSC_i_191/pch_bank_addr[2]:EN
  Delay (ns):              2.992
  Slack (ns):              2.766
  Arrival (ns):            9.480
  Required (ns):          12.246

Path 41
  From: DDR3_0_0/MSC_i_0/MSC_i_1/MSC_i_4/MSC_i_183/MSC_i_187/w_req_int:CLK
  To:   DDR3_0_0/MSC_i_0/MSC_i_1/MSC_i_4/MSC_i_190/MSC_i_191/MSC_i_205/pending_cmd:EN
  Delay (ns):              3.057
  Slack (ns):              2.767
  Arrival (ns):            9.535
  Required (ns):          12.302

Path 42
  From: DDR3_0_0/MSC_i_0/MSC_i_1/MSC_i_4/MSC_i_190/init_sm[2]:CLK
  To:   DDR3_0_0/MSC_i_0/MSC_i_1/MSC_i_4/MSC_i_190/MSC_i_191/pch_chip_cs[0]:EN
  Delay (ns):              2.991
  Slack (ns):              2.767
  Arrival (ns):            9.479
  Required (ns):          12.246

Path 43
  From: DDR3_0_0/MSC_i_0/MSC_i_1/MSC_i_4/MSC_i_8/MSC_i_72/MSC_i_73/MSC_i_74/d0[9]:CLK
  To:   DDR3_0_0/MSC_i_0/MSC_i_1/MSC_i_4/MSC_i_8/rd_data_asm_fifo_wr_data[47]:D
  Delay (ns):              3.153
  Slack (ns):              2.768
  Arrival (ns):            9.583
  Required (ns):          12.351

Path 44
  From: DDR3_0_0/MSC_i_0/MSC_i_1/MSC_i_4/MSC_i_8/MSC_i_72/MSC_i_73/MSC_i_74/rd_addr[1]:CLK
  To:   DDR3_0_0/MSC_i_0/MSC_i_1/MSC_i_4/MSC_i_8/rd_data_asm_fifo_wr_data[47]:D
  Delay (ns):              3.151
  Slack (ns):              2.768
  Arrival (ns):            9.583
  Required (ns):          12.351

Path 45
  From: DDR3_0_0/MSC_i_0/MSC_i_1/MSC_i_4/MSC_i_183/MSC_i_187/burst_xfer_active:CLK
  To:   DDR3_0_0/MSC_i_0/MSC_i_1/MSC_i_4/MSC_i_183/MSC_i_187/raddr_int[0]:D
  Delay (ns):              3.101
  Slack (ns):              2.769
  Arrival (ns):            9.581
  Required (ns):          12.350

Path 46
  From: DDR3_0_0/MSC_i_0/MSC_i_1/MSC_i_4/MSC_i_183/MSC_i_187/burst_xfer_active:CLK
  To:   DDR3_0_0/MSC_i_0/MSC_i_1/MSC_i_4/MSC_i_183/MSC_i_187/raddr_int[27]:D
  Delay (ns):              3.102
  Slack (ns):              2.769
  Arrival (ns):            9.582
  Required (ns):          12.351

Path 47
  From: DDR3_0_0/MSC_i_0/MSC_i_1/MSC_i_4/MSC_i_183/MSC_i_187/burst_xfer_active:CLK
  To:   DDR3_0_0/MSC_i_0/MSC_i_1/MSC_i_4/MSC_i_183/MSC_i_187/raddr_int[16]:D
  Delay (ns):              3.101
  Slack (ns):              2.770
  Arrival (ns):            9.581
  Required (ns):          12.351

Path 48
  From: DDR3_0_0/MSC_i_0/MSC_i_1/MSC_i_4/MSC_i_190/init_sm[2]:CLK
  To:   DDR3_0_0/MSC_i_0/MSC_i_1/MSC_i_4/MSC_i_190/MSC_i_191/pch_bank_addr[0]:EN
  Delay (ns):              2.995
  Slack (ns):              2.771
  Arrival (ns):            9.483
  Required (ns):          12.254

Path 49
  From: DDR3_0_0/MSC_i_0/MSC_i_1/MSC_i_4/MSC_i_190/init_sm[2]:CLK
  To:   DDR3_0_0/MSC_i_0/MSC_i_1/MSC_i_4/MSC_i_190/MSC_i_191/pch_bank_addr[1]:EN
  Delay (ns):              2.995
  Slack (ns):              2.771
  Arrival (ns):            9.483
  Required (ns):          12.254

Path 50
  From: DDR3_0_0/MSC_i_0/MSC_i_1/MSC_i_4/MSC_i_8/MSC_i_72/MSC_i_73/MSC_i_74/rd_addr[0]:CLK
  To:   DDR3_0_0/MSC_i_0/MSC_i_1/MSC_i_4/MSC_i_8/rd_data_asm_fifo_wr_data[9]:D
  Delay (ns):              3.146
  Slack (ns):              2.773
  Arrival (ns):            9.578
  Required (ns):          12.351

Path 51
  From: DDR3_0_0/MSC_i_0/MSC_i_1/MSC_i_4/MSC_i_8/MSC_i_72/MSC_i_73/MSC_i_74/rd_addr[0]:CLK
  To:   DDR3_0_0/MSC_i_0/MSC_i_1/MSC_i_4/MSC_i_8/rd_data_asm_fifo_wr_data[7]:D
  Delay (ns):              3.144
  Slack (ns):              2.775
  Arrival (ns):            9.576
  Required (ns):          12.351

Path 52
  From: DDR3_0_0/MSC_i_0/MSC_i_1/MSC_i_4/MSC_i_8/MSC_i_72/MSC_i_73/MSC_i_74/d0[9]:CLK
  To:   DDR3_0_0/MSC_i_0/MSC_i_1/MSC_i_4/MSC_i_8/rd_data_asm_fifo_wr_data[9]:D
  Delay (ns):              3.144
  Slack (ns):              2.777
  Arrival (ns):            9.574
  Required (ns):          12.351

Path 53
  From: DDR3_0_0/MSC_i_0/MSC_i_1/MSC_i_4/MSC_i_8/MSC_i_72/MSC_i_73/MSC_i_74/rd_addr[1]:CLK
  To:   DDR3_0_0/MSC_i_0/MSC_i_1/MSC_i_4/MSC_i_8/rd_data_asm_fifo_wr_data[9]:D
  Delay (ns):              3.142
  Slack (ns):              2.777
  Arrival (ns):            9.574
  Required (ns):          12.351

Path 54
  From: DDR3_0_0/MSC_i_0/MSC_i_1/MSC_i_4/MSC_i_8/MSC_i_72/MSC_i_73/MSC_i_74/d0[9]:CLK
  To:   DDR3_0_0/MSC_i_0/MSC_i_1/MSC_i_4/MSC_i_8/rd_data_asm_fifo_wr_data[7]:D
  Delay (ns):              3.142
  Slack (ns):              2.779
  Arrival (ns):            9.572
  Required (ns):          12.351

Path 55
  From: DDR3_0_0/MSC_i_0/MSC_i_1/MSC_i_4/MSC_i_8/MSC_i_72/MSC_i_73/MSC_i_74/rd_addr[1]:CLK
  To:   DDR3_0_0/MSC_i_0/MSC_i_1/MSC_i_4/MSC_i_8/rd_data_asm_fifo_wr_data[7]:D
  Delay (ns):              3.140
  Slack (ns):              2.779
  Arrival (ns):            9.572
  Required (ns):          12.351

Path 56
  From: DDR3_0_0/MSC_i_0/MSC_i_1/MSC_i_225/MSC_i_226/cal_select:CLK
  To:   DDR3_0_0/MSC_i_0/MSC_i_1/MSC_i_4/MSC_i_190/MSC_i_191/dorw[2]:SLn
  Delay (ns):              3.057
  Slack (ns):              2.780
  Arrival (ns):            9.536
  Required (ns):          12.316

Path 57
  From: DDR3_0_0/MSC_i_0/MSC_i_1/MSC_i_225/MSC_i_226/cal_select:CLK
  To:   DDR3_0_0/MSC_i_0/MSC_i_1/MSC_i_4/MSC_i_190/MSC_i_191/dowrite_attr[1]:SLn
  Delay (ns):              3.057
  Slack (ns):              2.780
  Arrival (ns):            9.536
  Required (ns):          12.316

Path 58
  From: DDR3_0_0/MSC_i_0/MSC_i_1/MSC_i_4/MSC_i_183/MSC_i_187/burst_xfer_active:CLK
  To:   DDR3_0_0/MSC_i_0/MSC_i_1/MSC_i_4/MSC_i_183/MSC_i_187/raddr_int[19]:D
  Delay (ns):              3.089
  Slack (ns):              2.781
  Arrival (ns):            9.569
  Required (ns):          12.350

Path 59
  From: DDR3_0_0/MSC_i_0/MSC_i_1/MSC_i_4/MSC_i_183/MSC_i_187/burst_xfer_active:CLK
  To:   DDR3_0_0/MSC_i_0/MSC_i_1/MSC_i_4/MSC_i_183/MSC_i_187/raddr_int[23]:D
  Delay (ns):              3.090
  Slack (ns):              2.781
  Arrival (ns):            9.570
  Required (ns):          12.351

Path 60
  From: DDR3_0_0/MSC_i_0/MSC_i_1/MSC_i_4/MSC_i_183/MSC_i_187/burst_xfer_active:CLK
  To:   DDR3_0_0/MSC_i_0/MSC_i_1/MSC_i_4/MSC_i_183/MSC_i_187/raddr_int[5]:D
  Delay (ns):              3.089
  Slack (ns):              2.781
  Arrival (ns):            9.569
  Required (ns):          12.350

Path 61
  From: DDR3_0_0/MSC_i_0/MSC_i_1/MSC_i_4/MSC_i_183/MSC_i_187/burst_xfer_active:CLK
  To:   DDR3_0_0/MSC_i_0/MSC_i_1/MSC_i_4/MSC_i_183/MSC_i_187/raddr_int[9]:D
  Delay (ns):              3.090
  Slack (ns):              2.781
  Arrival (ns):            9.570
  Required (ns):          12.351

Path 62
  From: DDR3_0_0/MSC_i_0/MSC_i_1/MSC_i_4/MSC_i_8/MSC_i_72/MSC_i_73/MSC_i_74/d1[7]:CLK
  To:   DDR3_0_0/MSC_i_0/MSC_i_1/MSC_i_4/MSC_i_8/rd_data_asm_fifo_wr_data[47]:D
  Delay (ns):              3.143
  Slack (ns):              2.782
  Arrival (ns):            9.569
  Required (ns):          12.351

Path 63
  From: DDR3_0_0/MSC_i_0/MSC_i_1/MSC_i_225/MSC_i_226/cal_select:CLK
  To:   DDR3_0_0/MSC_i_0/MSC_i_1/MSC_i_4/MSC_i_190/MSC_i_191/dorw[0]:SLn
  Delay (ns):              3.054
  Slack (ns):              2.783
  Arrival (ns):            9.533
  Required (ns):          12.316

Path 64
  From: DDR3_0_0/MSC_i_0/MSC_i_1/MSC_i_225/MSC_i_226/cal_select:CLK
  To:   DDR3_0_0/MSC_i_0/MSC_i_1/MSC_i_4/MSC_i_190/MSC_i_191/dorw[1]:SLn
  Delay (ns):              3.054
  Slack (ns):              2.783
  Arrival (ns):            9.533
  Required (ns):          12.316

Path 65
  From: DDR3_0_0/MSC_i_0/MSC_i_1/MSC_i_4/MSC_i_183/MSC_i_187/burst_xfer_active:CLK
  To:   DDR3_0_0/MSC_i_0/MSC_i_1/MSC_i_4/MSC_i_183/MSC_i_187/raddr_int[2]:D
  Delay (ns):              3.087
  Slack (ns):              2.783
  Arrival (ns):            9.567
  Required (ns):          12.350

Path 66
  From: DDR3_0_0/MSC_i_0/MSC_i_1/MSC_i_4/MSC_i_8/MSC_i_72/MSC_i_73/MSC_i_74/d1[7]:CLK
  To:   DDR3_0_0/MSC_i_0/MSC_i_1/MSC_i_4/MSC_i_8/rd_data_asm_fifo_wr_data[9]:D
  Delay (ns):              3.134
  Slack (ns):              2.791
  Arrival (ns):            9.560
  Required (ns):          12.351

Path 67
  From: DDR3_0_0/MSC_i_0/MSC_i_1/MSC_i_4/MSC_i_8/MSC_i_72/MSC_i_73/MSC_i_74/d1[7]:CLK
  To:   DDR3_0_0/MSC_i_0/MSC_i_1/MSC_i_4/MSC_i_8/rd_data_asm_fifo_wr_data[7]:D
  Delay (ns):              3.132
  Slack (ns):              2.793
  Arrival (ns):            9.558
  Required (ns):          12.351

Path 68
  From: DDR3_0_0/MSC_i_0/MSC_i_1/MSC_i_225/MSC_i_226/cal_l_r_req:CLK
  To:   DDR3_0_0/MSC_i_0/MSC_i_1/MSC_i_4/MSC_i_190/MSC_i_191/MSC_i_205/pending_cmd:EN
  Delay (ns):              3.030
  Slack (ns):              2.794
  Arrival (ns):            9.495
  Required (ns):          12.289

Path 69
  From: DDR3_0_0/MSC_i_0/MSC_i_1/MSC_i_4/MSC_i_190/init_sm[3]:CLK
  To:   DDR3_0_0/MSC_i_0/MSC_i_1/MSC_i_4/MSC_i_190/MSC_i_191/dorw[2]:SLn
  Delay (ns):              3.028
  Slack (ns):              2.801
  Arrival (ns):            9.516
  Required (ns):          12.317

Path 70
  From: DDR3_0_0/MSC_i_0/MSC_i_1/MSC_i_4/MSC_i_190/init_sm[3]:CLK
  To:   DDR3_0_0/MSC_i_0/MSC_i_1/MSC_i_4/MSC_i_190/MSC_i_191/dowrite_attr[1]:SLn
  Delay (ns):              3.027
  Slack (ns):              2.802
  Arrival (ns):            9.515
  Required (ns):          12.317

Path 71
  From: DDR3_0_0/MSC_i_0/MSC_i_1/MSC_i_4/MSC_i_190/init_sm[3]:CLK
  To:   DDR3_0_0/MSC_i_0/MSC_i_1/MSC_i_4/MSC_i_190/MSC_i_191/dorw[1]:SLn
  Delay (ns):              3.025
  Slack (ns):              2.804
  Arrival (ns):            9.513
  Required (ns):          12.317

Path 72
  From: DDR3_0_0/MSC_i_0/MSC_i_1/MSC_i_4/MSC_i_190/init_sm[3]:CLK
  To:   DDR3_0_0/MSC_i_0/MSC_i_1/MSC_i_4/MSC_i_190/MSC_i_191/dorw[0]:SLn
  Delay (ns):              3.023
  Slack (ns):              2.806
  Arrival (ns):            9.511
  Required (ns):          12.317

Path 73
  From: DDR3_0_0/MSC_i_0/MSC_i_1/MSC_i_4/MSC_i_190/init_sm[4]:CLK
  To:   DDR3_0_0/MSC_i_0/MSC_i_1/MSC_i_4/MSC_i_190/MSC_i_191/prch[1]:D
  Delay (ns):              3.079
  Slack (ns):              2.809
  Arrival (ns):            9.566
  Required (ns):          12.375

Path 74
  From: DDR3_0_0/MSC_i_0/MSC_i_1/MSC_i_225/MSC_i_226/cal_init_mr_addr_1[3]:CLK
  To:   DDR3_0_0/MSC_i_0/MSC_i_1/MSC_i_4/MSC_i_190/MSC_i_191/dorw[2]:SLn
  Delay (ns):              3.019
  Slack (ns):              2.818
  Arrival (ns):            9.498
  Required (ns):          12.316

Path 75
  From: DDR3_0_0/MSC_i_0/MSC_i_1/MSC_i_225/MSC_i_226/cal_init_mr_addr_1[3]:CLK
  To:   DDR3_0_0/MSC_i_0/MSC_i_1/MSC_i_4/MSC_i_190/MSC_i_191/dowrite_attr[1]:SLn
  Delay (ns):              3.019
  Slack (ns):              2.818
  Arrival (ns):            9.498
  Required (ns):          12.316

Path 76
  From: DDR3_0_0/MSC_i_0/MSC_i_1/MSC_i_4/MSC_i_213/MSC_i_216/full[0]:CLK
  To:   DDR3_0_0/MSC_i_0/MSC_i_1/MSC_i_4/MSC_i_183/rmw_b_size[3]:D
  Delay (ns):              3.105
  Slack (ns):              2.818
  Arrival (ns):            9.559
  Required (ns):          12.377

Path 77
  From: DDR3_0_0/MSC_i_0/MSC_i_1/MSC_i_4/MSC_i_137/read_attributes_after_merge[36]:CLK
  To:   DDR3_0_0/MSC_i_0/MSC_i_1/MSC_i_4/MSC_i_183/read_count_early[10]:D
  Delay (ns):              3.093
  Slack (ns):              2.820
  Arrival (ns):            9.554
  Required (ns):          12.374

Path 78
  From: DDR3_0_0/MSC_i_0/MSC_i_1/MSC_i_225/MSC_i_226/cal_init_mr_addr_1[3]:CLK
  To:   DDR3_0_0/MSC_i_0/MSC_i_1/MSC_i_4/MSC_i_190/MSC_i_191/dorw[0]:SLn
  Delay (ns):              3.016
  Slack (ns):              2.821
  Arrival (ns):            9.495
  Required (ns):          12.316

Path 79
  From: DDR3_0_0/MSC_i_0/MSC_i_1/MSC_i_225/MSC_i_226/cal_init_mr_addr_1[3]:CLK
  To:   DDR3_0_0/MSC_i_0/MSC_i_1/MSC_i_4/MSC_i_190/MSC_i_191/dorw[1]:SLn
  Delay (ns):              3.016
  Slack (ns):              2.821
  Arrival (ns):            9.495
  Required (ns):          12.316

Path 80
  From: DDR3_0_0/MSC_i_0/MSC_i_1/MSC_i_4/MSC_i_8/MSC_i_72/MSC_i_73/MSC_i_74/d0[7]:CLK
  To:   DDR3_0_0/MSC_i_0/MSC_i_1/MSC_i_4/MSC_i_8/rd_data_asm_fifo_wr_data[24]:D
  Delay (ns):              3.108
  Slack (ns):              2.831
  Arrival (ns):            9.530
  Required (ns):          12.361

Path 81
  From: DDR3_0_0/MSC_i_0/MSC_i_1/MSC_i_4/MSC_i_190/init_sm[0]:CLK
  To:   DDR3_0_0/MSC_i_0/MSC_i_1/MSC_i_4/MSC_i_190/nwl_timer2[3]:D
  Delay (ns):              3.098
  Slack (ns):              2.832
  Arrival (ns):            9.586
  Required (ns):          12.418

Path 82
  From: DDR3_0_0/MSC_i_0/MSC_i_1/MSC_i_4/MSC_i_8/MSC_i_72/MSC_i_73/MSC_i_74/d0[7]:CLK
  To:   DDR3_0_0/MSC_i_0/MSC_i_1/MSC_i_4/MSC_i_8/rd_data_asm_fifo_wr_data[62]:D
  Delay (ns):              3.107
  Slack (ns):              2.832
  Arrival (ns):            9.529
  Required (ns):          12.361

Path 83
  From: DDR3_0_0/MSC_i_0/MSC_i_1/MSC_i_4/MSC_i_190/init_sm[4]:CLK
  To:   DDR3_0_0/MSC_i_0/MSC_i_1/MSC_i_4/MSC_i_190/MSC_i_191/pch_bank_addr[2]:EN
  Delay (ns):              2.926
  Slack (ns):              2.833
  Arrival (ns):            9.413
  Required (ns):          12.246

Path 84
  From: DDR3_0_0/MSC_i_0/MSC_i_1/MSC_i_4/MSC_i_190/init_sm[4]:CLK
  To:   DDR3_0_0/MSC_i_0/MSC_i_1/MSC_i_4/MSC_i_190/MSC_i_191/pch_chip_cs[0]:EN
  Delay (ns):              2.925
  Slack (ns):              2.834
  Arrival (ns):            9.412
  Required (ns):          12.246

Path 85
  From: DDR3_0_0/MSC_i_0/MSC_i_1/MSC_i_4/MSC_i_8/MSC_i_72/MSC_i_73/MSC_i_74/d0[7]:CLK
  To:   DDR3_0_0/MSC_i_0/MSC_i_1/MSC_i_4/MSC_i_8/rd_data_asm_fifo_wr_data[61]:D
  Delay (ns):              3.104
  Slack (ns):              2.835
  Arrival (ns):            9.526
  Required (ns):          12.361

Path 86
  From: DDR3_0_0/DDRPHY_BLK_0/IOD_TRAINING_0/COREDDR_TIP_INT_U/TIP_CTRL_BLK/u_write_callibrator/cal_l_r_req:CLK
  To:   DDR3_0_0/MSC_i_0/MSC_i_1/MSC_i_4/MSC_i_190/MSC_i_191/MSC_i_205/pending_cmd:EN
  Delay (ns):              2.994
  Slack (ns):              2.836
  Arrival (ns):            9.453
  Required (ns):          12.289

Path 87
  From: DDR3_0_0/MSC_i_0/MSC_i_1/MSC_i_4/MSC_i_190/init_sm[2]:CLK
  To:   DDR3_0_0/MSC_i_0/MSC_i_1/MSC_i_4/MSC_i_190/MSC_i_191/precharge_ob[0]:D
  Delay (ns):              3.037
  Slack (ns):              2.836
  Arrival (ns):            9.525
  Required (ns):          12.361

Path 88
  From: DDR3_0_0/MSC_i_0/MSC_i_1/MSC_i_4/MSC_i_8/MSC_i_72/MSC_i_73/MSC_i_74/d0[7]:CLK
  To:   DDR3_0_0/MSC_i_0/MSC_i_1/MSC_i_4/MSC_i_8/rd_data_asm_fifo_wr_data[13]:D
  Delay (ns):              3.104
  Slack (ns):              2.836
  Arrival (ns):            9.526
  Required (ns):          12.362

Path 89
  From: DDR3_0_0/MSC_i_0/MSC_i_1/MSC_i_4/MSC_i_190/init_sm[4]:CLK
  To:   DDR3_0_0/MSC_i_0/MSC_i_1/MSC_i_4/MSC_i_190/MSC_i_191/pch_bank_addr[0]:EN
  Delay (ns):              2.929
  Slack (ns):              2.838
  Arrival (ns):            9.416
  Required (ns):          12.254

Path 90
  From: DDR3_0_0/MSC_i_0/MSC_i_1/MSC_i_4/MSC_i_190/init_sm[4]:CLK
  To:   DDR3_0_0/MSC_i_0/MSC_i_1/MSC_i_4/MSC_i_190/MSC_i_191/pch_bank_addr[1]:EN
  Delay (ns):              2.929
  Slack (ns):              2.838
  Arrival (ns):            9.416
  Required (ns):          12.254

Path 91
  From: DDR3_0_0/MSC_i_0/MSC_i_1/MSC_i_4/MSC_i_8/MSC_i_72/MSC_i_73/MSC_i_74/d1[11]:CLK
  To:   DDR3_0_0/MSC_i_0/MSC_i_1/MSC_i_4/MSC_i_8/rd_data_asm_fifo_wr_data[47]:D
  Delay (ns):              3.081
  Slack (ns):              2.838
  Arrival (ns):            9.513
  Required (ns):          12.351

Path 92
  From: DDR3_0_0/MSC_i_0/MSC_i_1/MSC_i_4/MSC_i_190/init_sm[2]:CLK
  To:   DDR3_0_0/MSC_i_0/MSC_i_1/MSC_i_4/MSC_i_190/MSC_i_191/precharge_ob[3]:D
  Delay (ns):              3.033
  Slack (ns):              2.840
  Arrival (ns):            9.521
  Required (ns):          12.361

Path 93
  From: DDR3_0_0/MSC_i_0/MSC_i_1/MSC_i_4/MSC_i_8/valid_cnt_reg[2]:CLK
  To:   DDR3_0_0/MSC_i_0/MSC_i_1/MSC_i_4/MSC_i_8/valid_cnt_reg[8]:D
  Delay (ns):              3.123
  Slack (ns):              2.841
  Arrival (ns):            9.526
  Required (ns):          12.367

Path 94
  From: DDR3_0_0/MSC_i_0/MSC_i_1/MSC_i_225/MSC_i_226/cal_init_mr_addr_1[2]:CLK
  To:   DDR3_0_0/MSC_i_0/MSC_i_1/MSC_i_4/MSC_i_190/MSC_i_191/dorw[2]:SLn
  Delay (ns):              2.999
  Slack (ns):              2.842
  Arrival (ns):            9.475
  Required (ns):          12.317

Path 95
  From: DDR3_0_0/MSC_i_0/MSC_i_1/MSC_i_225/MSC_i_226/cal_init_mr_addr_1[2]:CLK
  To:   DDR3_0_0/MSC_i_0/MSC_i_1/MSC_i_4/MSC_i_190/MSC_i_191/dowrite_attr[1]:SLn
  Delay (ns):              2.998
  Slack (ns):              2.843
  Arrival (ns):            9.474
  Required (ns):          12.317

Path 96
  From: DDR3_0_0/MSC_i_0/MSC_i_1/MSC_i_4/MSC_i_137/read_attributes_after_merge[34]:CLK
  To:   DDR3_0_0/MSC_i_0/MSC_i_1/MSC_i_4/MSC_i_183/read_count_early[10]:D
  Delay (ns):              3.070
  Slack (ns):              2.843
  Arrival (ns):            9.531
  Required (ns):          12.374

Path 97
  From: DDR3_0_0/MSC_i_0/MSC_i_1/MSC_i_225/MSC_i_226/cal_init_mr_addr_1[2]:CLK
  To:   DDR3_0_0/MSC_i_0/MSC_i_1/MSC_i_4/MSC_i_190/MSC_i_191/dorw[1]:SLn
  Delay (ns):              2.996
  Slack (ns):              2.845
  Arrival (ns):            9.472
  Required (ns):          12.317

Path 98
  From: DDR3_0_0/MSC_i_0/MSC_i_1/MSC_i_4/MSC_i_8/MSC_i_72/MSC_i_73/MSC_i_74/d1[8]:CLK
  To:   DDR3_0_0/MSC_i_0/MSC_i_1/MSC_i_4/MSC_i_8/rd_data_asm_fifo_wr_data[47]:D
  Delay (ns):              3.074
  Slack (ns):              2.846
  Arrival (ns):            9.505
  Required (ns):          12.351

Path 99
  From: DDR3_0_0/MSC_i_0/MSC_i_1/MSC_i_225/MSC_i_226/cal_init_mr_addr_1[2]:CLK
  To:   DDR3_0_0/MSC_i_0/MSC_i_1/MSC_i_4/MSC_i_190/MSC_i_191/dorw[0]:SLn
  Delay (ns):              2.994
  Slack (ns):              2.847
  Arrival (ns):            9.470
  Required (ns):          12.317

Path 100
  From: DDR3_0_0/MSC_i_0/MSC_i_1/MSC_i_4/MSC_i_8/MSC_i_72/MSC_i_73/MSC_i_74/d0[7]:CLK
  To:   DDR3_0_0/MSC_i_0/MSC_i_1/MSC_i_4/MSC_i_8/rd_data_asm_fifo_wr_data[8]:D
  Delay (ns):              3.081
  Slack (ns):              2.847
  Arrival (ns):            9.503
  Required (ns):          12.350

