Timing Violation Report Max Delay Analysis

SmartTime Version v12.3
Microsemi Corporation - Microsemi Libero Software Release v12.3 (Version 12.800.0.16)
Date: Sat Mar 14 14:21:00 2020


Design: top
Family: PolarFire
Die: MPF300TS
Package: FCG1152
Temperature Range: -40 - 100 C
Voltage Range: 0.97 - 1.03 V
Speed Grade: -1
Design State: Post-Layout
Data source: Production
Multi Corner Report Operating Conditions: slow_lv_ht, slow_lv_lt, fast_hv_lt
Scenario for Timing Analysis: timing_analysis


Path 1
  From: MiV_AXI_0/MiV_AXI_0/ChiselTop0/tile/core/div/remainder_0[16]:CLK
  To:   MiV_AXI_0/MiV_AXI_0/ChiselTop0/tile/core/div/remainder[60]:D
  Delay (ns):              6.851
  Slack (ns):              2.069
  Arrival (ns):           10.285
  Required (ns):          12.354
  Operating Conditions: slow_lv_ht

Path 2
  From: MiV_AXI_0/MiV_AXI_0/ChiselTop0/tile/core/div/remainder[9]:CLK
  To:   MiV_AXI_0/MiV_AXI_0/ChiselTop0/tile/core/div/remainder[60]:D
  Delay (ns):              6.845
  Slack (ns):              2.074
  Arrival (ns):           10.280
  Required (ns):          12.354
  Operating Conditions: slow_lv_ht

Path 3
  From: MiV_AXI_0/MiV_AXI_0/ChiselTop0/tile/core/div/remainder[1]:CLK
  To:   MiV_AXI_0/MiV_AXI_0/ChiselTop0/tile/core/div/remainder[60]:D
  Delay (ns):              6.807
  Slack (ns):              2.121
  Arrival (ns):           10.233
  Required (ns):          12.354
  Operating Conditions: slow_lv_ht

Path 4
  From: MiV_AXI_0/MiV_AXI_0/ChiselTop0/tile/core/div/remainder_0[16]:CLK
  To:   MiV_AXI_0/MiV_AXI_0/ChiselTop0/tile/core/div/remainder[58]:D
  Delay (ns):              6.780
  Slack (ns):              2.142
  Arrival (ns):           10.054
  Required (ns):          12.196
  Operating Conditions: slow_lv_lt

Path 5
  From: MiV_AXI_0/MiV_AXI_0/ChiselTop0/tile/core/div/remainder[9]:CLK
  To:   MiV_AXI_0/MiV_AXI_0/ChiselTop0/tile/core/div/remainder[58]:D
  Delay (ns):              6.776
  Slack (ns):              2.145
  Arrival (ns):           10.051
  Required (ns):          12.196
  Operating Conditions: slow_lv_lt

Path 6
  From: MiV_AXI_0/MiV_AXI_0/ChiselTop0/tile/core/div/remainder[7]:CLK
  To:   MiV_AXI_0/MiV_AXI_0/ChiselTop0/tile/core/div/remainder[60]:D
  Delay (ns):              6.768
  Slack (ns):              2.152
  Arrival (ns):           10.202
  Required (ns):          12.354
  Operating Conditions: slow_lv_ht

Path 7
  From: MiV_AXI_0/MiV_AXI_0/ChiselTop0/tile/core/div/divisor[9]:CLK
  To:   MiV_AXI_0/MiV_AXI_0/ChiselTop0/tile/core/div/remainder[60]:D
  Delay (ns):              6.754
  Slack (ns):              2.166
  Arrival (ns):           10.188
  Required (ns):          12.354
  Operating Conditions: slow_lv_ht

Path 8
  From: MiV_AXI_0/MiV_AXI_0/ChiselTop0/tile/core/div/remainder[11]:CLK
  To:   MiV_AXI_0/MiV_AXI_0/ChiselTop0/tile/core/div/remainder[60]:D
  Delay (ns):              6.746
  Slack (ns):              2.179
  Arrival (ns):           10.020
  Required (ns):          12.199
  Operating Conditions: slow_lv_lt

Path 9
  From: MiV_AXI_0/MiV_AXI_0/ChiselTop0/tile/core/div/remainder[13]:CLK
  To:   MiV_AXI_0/MiV_AXI_0/ChiselTop0/tile/core/div/remainder[60]:D
  Delay (ns):              6.732
  Slack (ns):              2.188
  Arrival (ns):           10.166
  Required (ns):          12.354
  Operating Conditions: slow_lv_ht

Path 10
  From: MiV_AXI_0/MiV_AXI_0/ChiselTop0/tile/core/div/divisor[3]:CLK
  To:   MiV_AXI_0/MiV_AXI_0/ChiselTop0/tile/core/div/remainder[60]:D
  Delay (ns):              6.739
  Slack (ns):              2.192
  Arrival (ns):           10.007
  Required (ns):          12.199
  Operating Conditions: slow_lv_lt

Path 11
  From: MiV_AXI_0/MiV_AXI_0/ChiselTop0/tile/core/div/remainder[8]:CLK
  To:   MiV_AXI_0/MiV_AXI_0/ChiselTop0/tile/core/div/remainder[60]:D
  Delay (ns):              6.733
  Slack (ns):              2.193
  Arrival (ns):           10.006
  Required (ns):          12.199
  Operating Conditions: slow_lv_lt

Path 12
  From: MiV_AXI_0/MiV_AXI_0/ChiselTop0/tile/core/div/remainder[15]:CLK
  To:   MiV_AXI_0/MiV_AXI_0/ChiselTop0/tile/core/div/remainder[60]:D
  Delay (ns):              6.731
  Slack (ns):              2.194
  Arrival (ns):           10.005
  Required (ns):          12.199
  Operating Conditions: slow_lv_lt

Path 13
  From: MiV_AXI_0/MiV_AXI_0/ChiselTop0/tile/core/div/remainder[2]:CLK
  To:   MiV_AXI_0/MiV_AXI_0/ChiselTop0/tile/core/div/remainder[60]:D
  Delay (ns):              6.726
  Slack (ns):              2.194
  Arrival (ns):           10.160
  Required (ns):          12.354
  Operating Conditions: slow_lv_ht

Path 14
  From: MiV_AXI_0/MiV_AXI_0/ChiselTop0/tile/core/div/remainder_0[16]:CLK
  To:   MiV_AXI_0/MiV_AXI_0/ChiselTop0/tile/core/div/remainder[54]:D
  Delay (ns):              6.727
  Slack (ns):              2.195
  Arrival (ns):           10.001
  Required (ns):          12.196
  Operating Conditions: slow_lv_lt

Path 15
  From: MiV_AXI_0/MiV_AXI_0/ChiselTop0/tile/core/div/divisor[7]:CLK
  To:   MiV_AXI_0/MiV_AXI_0/ChiselTop0/tile/core/div/remainder[60]:D
  Delay (ns):              6.727
  Slack (ns):              2.197
  Arrival (ns):           10.002
  Required (ns):          12.199
  Operating Conditions: slow_lv_lt

Path 16
  From: MiV_AXI_0/MiV_AXI_0/ChiselTop0/tile/core/div/remainder[9]:CLK
  To:   MiV_AXI_0/MiV_AXI_0/ChiselTop0/tile/core/div/remainder[54]:D
  Delay (ns):              6.723
  Slack (ns):              2.198
  Arrival (ns):            9.998
  Required (ns):          12.196
  Operating Conditions: slow_lv_lt

Path 17
  From: MiV_AXI_0/MiV_AXI_0/ChiselTop0/tile/core/div/remainder[5]:CLK
  To:   MiV_AXI_0/MiV_AXI_0/ChiselTop0/tile/core/div/remainder[60]:D
  Delay (ns):              6.725
  Slack (ns):              2.199
  Arrival (ns):           10.000
  Required (ns):          12.199
  Operating Conditions: slow_lv_lt

Path 18
  From: MiV_AXI_0/MiV_AXI_0/ChiselTop0/tile/core/div/divisor[8]:CLK
  To:   MiV_AXI_0/MiV_AXI_0/ChiselTop0/tile/core/div/remainder[60]:D
  Delay (ns):              6.725
  Slack (ns):              2.200
  Arrival (ns):            9.999
  Required (ns):          12.199
  Operating Conditions: slow_lv_lt

Path 19
  From: MiV_AXI_0/MiV_AXI_0/ChiselTop0/tile/core/div/remainder_0[16]:CLK
  To:   MiV_AXI_0/MiV_AXI_0/ChiselTop0/tile/core/div/remainder[62]:D
  Delay (ns):              6.722
  Slack (ns):              2.203
  Arrival (ns):            9.996
  Required (ns):          12.199
  Operating Conditions: slow_lv_lt

Path 20
  From: MiV_AXI_0/MiV_AXI_0/ChiselTop0/tile/core/div/remainder[1]:CLK
  To:   MiV_AXI_0/MiV_AXI_0/ChiselTop0/tile/core/div/remainder[58]:D
  Delay (ns):              6.724
  Slack (ns):              2.204
  Arrival (ns):            9.992
  Required (ns):          12.196
  Operating Conditions: slow_lv_lt

Path 21
  From: MiV_AXI_0/MiV_AXI_0/ChiselTop0/tile/core/div/remainder[9]:CLK
  To:   MiV_AXI_0/MiV_AXI_0/ChiselTop0/tile/core/div/remainder[62]:D
  Delay (ns):              6.718
  Slack (ns):              2.206
  Arrival (ns):            9.993
  Required (ns):          12.199
  Operating Conditions: slow_lv_lt

Path 22
  From: MiV_AXI_0/MiV_AXI_0/ChiselTop0/tile/core/div/remainder[10]:CLK
  To:   MiV_AXI_0/MiV_AXI_0/ChiselTop0/tile/core/div/remainder[60]:D
  Delay (ns):              6.713
  Slack (ns):              2.211
  Arrival (ns):            9.988
  Required (ns):          12.199
  Operating Conditions: slow_lv_lt

Path 23
  From: MiV_AXI_0/MiV_AXI_0/ChiselTop0/tile/core/div/divisor[1]:CLK
  To:   MiV_AXI_0/MiV_AXI_0/ChiselTop0/tile/core/div/remainder[60]:D
  Delay (ns):              6.715
  Slack (ns):              2.213
  Arrival (ns):           10.141
  Required (ns):          12.354
  Operating Conditions: slow_lv_ht

Path 24
  From: MiV_AXI_0/MiV_AXI_0/ChiselTop0/tile/core/div/remainder_0[16]:CLK
  To:   MiV_AXI_0/MiV_AXI_0/ChiselTop0/tile/core/div/remainder[56]:D
  Delay (ns):              6.701
  Slack (ns):              2.221
  Arrival (ns):            9.975
  Required (ns):          12.196
  Operating Conditions: slow_lv_lt

Path 25
  From: MiV_AXI_0/MiV_AXI_0/ChiselTop0/tile/core/div/remainder[9]:CLK
  To:   MiV_AXI_0/MiV_AXI_0/ChiselTop0/tile/core/div/remainder[56]:D
  Delay (ns):              6.697
  Slack (ns):              2.224
  Arrival (ns):            9.972
  Required (ns):          12.196
  Operating Conditions: slow_lv_lt

Path 26
  From: MiV_AXI_0/MiV_AXI_0/ChiselTop0/tile/core/div/remainder[7]:CLK
  To:   MiV_AXI_0/MiV_AXI_0/ChiselTop0/tile/core/div/remainder[58]:D
  Delay (ns):              6.695
  Slack (ns):              2.226
  Arrival (ns):            9.970
  Required (ns):          12.196
  Operating Conditions: slow_lv_lt

Path 27
  From: MiV_AXI_0/MiV_AXI_0/ChiselTop0/tile/core/div/divisor[0]:CLK
  To:   MiV_AXI_0/MiV_AXI_0/ChiselTop0/tile/core/div/remainder[60]:D
  Delay (ns):              6.732
  Slack (ns):              2.231
  Arrival (ns):           10.036
  Required (ns):          12.267
  Operating Conditions: slow_lv_lt

Path 28
  From: MiV_AXI_0/MiV_AXI_0/ChiselTop0/tile/core/div/remainder[12]:CLK
  To:   MiV_AXI_0/MiV_AXI_0/ChiselTop0/tile/core/div/remainder[60]:D
  Delay (ns):              6.710
  Slack (ns):              2.232
  Arrival (ns):            9.967
  Required (ns):          12.199
  Operating Conditions: slow_lv_lt

Path 29
  From: MiV_AXI_0/MiV_AXI_0/ChiselTop0/tile/core/div/remainder_0[16]:CLK
  To:   MiV_AXI_0/MiV_AXI_0/ChiselTop0/tile/core/div/remainder[64]:D
  Delay (ns):              6.723
  Slack (ns):              2.239
  Arrival (ns):            9.997
  Required (ns):          12.236
  Operating Conditions: slow_lv_lt

Path 30
  From: MiV_AXI_0/MiV_AXI_0/ChiselTop0/tile/core/div/remainder_0[16]:CLK
  To:   MiV_AXI_0/MiV_AXI_0/ChiselTop0/tile/core/div/remainder[61]:D
  Delay (ns):              6.684
  Slack (ns):              2.241
  Arrival (ns):            9.958
  Required (ns):          12.199
  Operating Conditions: slow_lv_lt

Path 31
  From: MiV_AXI_0/MiV_AXI_0/ChiselTop0/tile/core/div/remainder[9]:CLK
  To:   MiV_AXI_0/MiV_AXI_0/ChiselTop0/tile/core/div/remainder[64]:D
  Delay (ns):              6.719
  Slack (ns):              2.242
  Arrival (ns):            9.994
  Required (ns):          12.236
  Operating Conditions: slow_lv_lt

Path 32
  From: MiV_AXI_0/MiV_AXI_0/ChiselTop0/tile/core/div/divisor[9]:CLK
  To:   MiV_AXI_0/MiV_AXI_0/ChiselTop0/tile/core/div/remainder[58]:D
  Delay (ns):              6.679
  Slack (ns):              2.242
  Arrival (ns):            9.954
  Required (ns):          12.196
  Operating Conditions: slow_lv_lt

Path 33
  From: MiV_AXI_0/MiV_AXI_0/ChiselTop0/tile/core/div/remainder[9]:CLK
  To:   MiV_AXI_0/MiV_AXI_0/ChiselTop0/tile/core/div/remainder[61]:D
  Delay (ns):              6.680
  Slack (ns):              2.244
  Arrival (ns):            9.955
  Required (ns):          12.199
  Operating Conditions: slow_lv_lt

Path 34
  From: MiV_AXI_0/MiV_AXI_0/ChiselTop0/tile/core/div/divisor[2]:CLK
  To:   MiV_AXI_0/MiV_AXI_0/ChiselTop0/tile/core/div/remainder[60]:D
  Delay (ns):              6.718
  Slack (ns):              2.245
  Arrival (ns):           10.022
  Required (ns):          12.267
  Operating Conditions: slow_lv_lt

Path 35
  From: MiV_AXI_0/MiV_AXI_0/ChiselTop0/tile/core/div/remainder[11]:CLK
  To:   MiV_AXI_0/MiV_AXI_0/ChiselTop0/tile/core/div/remainder[58]:D
  Delay (ns):              6.675
  Slack (ns):              2.247
  Arrival (ns):            9.949
  Required (ns):          12.196
  Operating Conditions: slow_lv_lt

Path 36
  From: MiV_AXI_0/MiV_AXI_0/ChiselTop0/tile/core/div/divisor[5]:CLK
  To:   MiV_AXI_0/MiV_AXI_0/ChiselTop0/tile/core/div/remainder[60]:D
  Delay (ns):              6.673
  Slack (ns):              2.251
  Arrival (ns):            9.948
  Required (ns):          12.199
  Operating Conditions: slow_lv_lt

Path 37
  From: MiV_AXI_0/MiV_AXI_0/ChiselTop0/tile/core/div/remainder[1]:CLK
  To:   MiV_AXI_0/MiV_AXI_0/ChiselTop0/tile/core/div/remainder[54]:D
  Delay (ns):              6.671
  Slack (ns):              2.257
  Arrival (ns):            9.939
  Required (ns):          12.196
  Operating Conditions: slow_lv_lt

Path 38
  From: MiV_AXI_0/MiV_AXI_0/ChiselTop0/tile/core/div/remainder[13]:CLK
  To:   MiV_AXI_0/MiV_AXI_0/ChiselTop0/tile/core/div/remainder[58]:D
  Delay (ns):              6.665
  Slack (ns):              2.257
  Arrival (ns):            9.939
  Required (ns):          12.196
  Operating Conditions: slow_lv_lt

Path 39
  From: MiV_AXI_0/MiV_AXI_0/ChiselTop0/tile/core/div/divisor[3]:CLK
  To:   MiV_AXI_0/MiV_AXI_0/ChiselTop0/tile/core/div/remainder[58]:D
  Delay (ns):              6.668
  Slack (ns):              2.260
  Arrival (ns):            9.936
  Required (ns):          12.196
  Operating Conditions: slow_lv_lt

Path 40
  From: MiV_AXI_0/MiV_AXI_0/ChiselTop0/tile/core/div/divisor[0]:CLK
  To:   MiV_AXI_0/MiV_AXI_0/ChiselTop0/tile/core/div/remainder[64]:D
  Delay (ns):              6.604
  Slack (ns):              2.260
  Arrival (ns):            9.908
  Required (ns):          12.168
  Operating Conditions: slow_lv_lt

Path 41
  From: MiV_AXI_0/MiV_AXI_0/ChiselTop0/tile/core/div/remainder[8]:CLK
  To:   MiV_AXI_0/MiV_AXI_0/ChiselTop0/tile/core/div/remainder[58]:D
  Delay (ns):              6.662
  Slack (ns):              2.261
  Arrival (ns):            9.935
  Required (ns):          12.196
  Operating Conditions: slow_lv_lt

Path 42
  From: MiV_AXI_0/MiV_AXI_0/ChiselTop0/tile/core/div/remainder[15]:CLK
  To:   MiV_AXI_0/MiV_AXI_0/ChiselTop0/tile/core/div/remainder[58]:D
  Delay (ns):              6.660
  Slack (ns):              2.262
  Arrival (ns):            9.934
  Required (ns):          12.196
  Operating Conditions: slow_lv_lt

Path 43
  From: MiV_AXI_0/MiV_AXI_0/ChiselTop0/tile/core/div/remainder[1]:CLK
  To:   MiV_AXI_0/MiV_AXI_0/ChiselTop0/tile/core/div/remainder[62]:D
  Delay (ns):              6.664
  Slack (ns):              2.264
  Arrival (ns):           10.090
  Required (ns):          12.354
  Operating Conditions: slow_lv_ht

Path 44
  From: MiV_AXI_0/MiV_AXI_0/ChiselTop0/tile/core/div/remainder[2]:CLK
  To:   MiV_AXI_0/MiV_AXI_0/ChiselTop0/tile/core/div/remainder[58]:D
  Delay (ns):              6.656
  Slack (ns):              2.264
  Arrival (ns):            9.932
  Required (ns):          12.196
  Operating Conditions: slow_lv_lt

Path 45
  From: MiV_AXI_0/MiV_AXI_0/ChiselTop0/tile/core/div/divisor[7]:CLK
  To:   MiV_AXI_0/MiV_AXI_0/ChiselTop0/tile/core/div/remainder[58]:D
  Delay (ns):              6.656
  Slack (ns):              2.265
  Arrival (ns):            9.931
  Required (ns):          12.196
  Operating Conditions: slow_lv_lt

Path 46
  From: MiV_AXI_0/MiV_AXI_0/ChiselTop0/tile/core/div/remainder_0[16]:CLK
  To:   MiV_AXI_0/MiV_AXI_0/ChiselTop0/tile/core/div/remainder[47]:D
  Delay (ns):              6.655
  Slack (ns):              2.266
  Arrival (ns):            9.929
  Required (ns):          12.195
  Operating Conditions: slow_lv_lt

Path 47
  From: MiV_AXI_0/MiV_AXI_0/ChiselTop0/tile/core/div/remainder[5]:CLK
  To:   MiV_AXI_0/MiV_AXI_0/ChiselTop0/tile/core/div/remainder[58]:D
  Delay (ns):              6.654
  Slack (ns):              2.267
  Arrival (ns):            9.929
  Required (ns):          12.196
  Operating Conditions: slow_lv_lt

Path 48
  From: MiV_AXI_0/MiV_AXI_0/ChiselTop0/tile/core/div/divisor[4]:CLK
  To:   MiV_AXI_0/MiV_AXI_0/ChiselTop0/tile/core/div/remainder[60]:D
  Delay (ns):              6.656
  Slack (ns):              2.268
  Arrival (ns):            9.931
  Required (ns):          12.199
  Operating Conditions: slow_lv_lt

Path 49
  From: MiV_AXI_0/MiV_AXI_0/ChiselTop0/tile/core/div/divisor[8]:CLK
  To:   MiV_AXI_0/MiV_AXI_0/ChiselTop0/tile/core/div/remainder[58]:D
  Delay (ns):              6.654
  Slack (ns):              2.268
  Arrival (ns):            9.928
  Required (ns):          12.196
  Operating Conditions: slow_lv_lt

Path 50
  From: MiV_AXI_0/MiV_AXI_0/ChiselTop0/tile/core/div/remainder[9]:CLK
  To:   MiV_AXI_0/MiV_AXI_0/ChiselTop0/tile/core/div/remainder[47]:D
  Delay (ns):              6.651
  Slack (ns):              2.269
  Arrival (ns):            9.926
  Required (ns):          12.195
  Operating Conditions: slow_lv_lt

Path 51
  From: MiV_AXI_0/MiV_AXI_0/ChiselTop0/tile/core/div/remainder[3]:CLK
  To:   MiV_AXI_0/MiV_AXI_0/ChiselTop0/tile/core/div/remainder[60]:D
  Delay (ns):              6.655
  Slack (ns):              2.271
  Arrival (ns):            9.928
  Required (ns):          12.199
  Operating Conditions: slow_lv_lt

Path 52
  From: MiV_AXI_0/MiV_AXI_0/ChiselTop0/tile/core/div/remainder_0[16]:CLK
  To:   MiV_AXI_0/MiV_AXI_0/ChiselTop0/tile/core/div/remainder[55]:D
  Delay (ns):              6.650
  Slack (ns):              2.272
  Arrival (ns):            9.924
  Required (ns):          12.196
  Operating Conditions: slow_lv_lt

Path 53
  From: MiV_AXI_0/MiV_AXI_0/ChiselTop0/tile/core/div/remainder[4]:CLK
  To:   MiV_AXI_0/MiV_AXI_0/ChiselTop0/tile/core/div/remainder[60]:D
  Delay (ns):              6.655
  Slack (ns):              2.272
  Arrival (ns):            9.927
  Required (ns):          12.199
  Operating Conditions: slow_lv_lt

Path 54
  From: MiV_AXI_0/MiV_AXI_0/ChiselTop0/tile/core/div/divisor[6]:CLK
  To:   MiV_AXI_0/MiV_AXI_0/ChiselTop0/tile/core/div/remainder[60]:D
  Delay (ns):              6.651
  Slack (ns):              2.274
  Arrival (ns):            9.925
  Required (ns):          12.199
  Operating Conditions: slow_lv_lt

Path 55
  From: MiV_AXI_0/MiV_AXI_0/ChiselTop0/tile/core/div/divisor[2]:CLK
  To:   MiV_AXI_0/MiV_AXI_0/ChiselTop0/tile/core/div/remainder[64]:D
  Delay (ns):              6.590
  Slack (ns):              2.274
  Arrival (ns):            9.894
  Required (ns):          12.168
  Operating Conditions: slow_lv_lt

Path 56
  From: MiV_AXI_0/MiV_AXI_0/ChiselTop0/tile/core/div/remainder[9]:CLK
  To:   MiV_AXI_0/MiV_AXI_0/ChiselTop0/tile/core/div/remainder[55]:D
  Delay (ns):              6.646
  Slack (ns):              2.275
  Arrival (ns):            9.921
  Required (ns):          12.196
  Operating Conditions: slow_lv_lt

Path 57
  From: MiV_AXI_0/MiV_AXI_0/ChiselTop0/tile/core/div/remainder[7]:CLK
  To:   MiV_AXI_0/MiV_AXI_0/ChiselTop0/tile/core/div/remainder[54]:D
  Delay (ns):              6.642
  Slack (ns):              2.279
  Arrival (ns):            9.917
  Required (ns):          12.196
  Operating Conditions: slow_lv_lt

Path 58
  From: MiV_AXI_0/MiV_AXI_0/ChiselTop0/tile/core/div/remainder[10]:CLK
  To:   MiV_AXI_0/MiV_AXI_0/ChiselTop0/tile/core/div/remainder[58]:D
  Delay (ns):              6.642
  Slack (ns):              2.279
  Arrival (ns):            9.917
  Required (ns):          12.196
  Operating Conditions: slow_lv_lt

Path 59
  From: MiV_AXI_0/MiV_AXI_0/ChiselTop0/tile/core/div/divisor[1]:CLK
  To:   MiV_AXI_0/MiV_AXI_0/ChiselTop0/tile/core/div/remainder[58]:D
  Delay (ns):              6.646
  Slack (ns):              2.282
  Arrival (ns):            9.914
  Required (ns):          12.196
  Operating Conditions: slow_lv_lt

Path 60
  From: MiV_AXI_0/MiV_AXI_0/ChiselTop0/tile/core/div/remainder[1]:CLK
  To:   MiV_AXI_0/MiV_AXI_0/ChiselTop0/tile/core/div/remainder[56]:D
  Delay (ns):              6.645
  Slack (ns):              2.283
  Arrival (ns):            9.913
  Required (ns):          12.196
  Operating Conditions: slow_lv_lt

Path 61
  From: MiV_AXI_0/MiV_AXI_0/ChiselTop0/tile/core/div/remainder_0[16]:CLK
  To:   MiV_AXI_0/MiV_AXI_0/ChiselTop0/tile/core/div/remainder[63]:D
  Delay (ns):              6.676
  Slack (ns):              2.286
  Arrival (ns):            9.950
  Required (ns):          12.236
  Operating Conditions: slow_lv_lt

Path 62
  From: MiV_AXI_0/MiV_AXI_0/ChiselTop0/tile/core/div/remainder[7]:CLK
  To:   MiV_AXI_0/MiV_AXI_0/ChiselTop0/tile/core/div/remainder[62]:D
  Delay (ns):              6.637
  Slack (ns):              2.287
  Arrival (ns):            9.912
  Required (ns):          12.199
  Operating Conditions: slow_lv_lt

Path 63
  From: MiV_AXI_0/MiV_AXI_0/ChiselTop0/tile/core/div/remainder[6]:CLK
  To:   MiV_AXI_0/MiV_AXI_0/ChiselTop0/tile/core/div/remainder[60]:D
  Delay (ns):              6.648
  Slack (ns):              2.288
  Arrival (ns):            9.911
  Required (ns):          12.199
  Operating Conditions: slow_lv_lt

Path 64
  From: MiV_AXI_0/MiV_AXI_0/ChiselTop0/tile/core/div/remainder[9]:CLK
  To:   MiV_AXI_0/MiV_AXI_0/ChiselTop0/tile/core/div/remainder[63]:D
  Delay (ns):              6.672
  Slack (ns):              2.289
  Arrival (ns):            9.947
  Required (ns):          12.236
  Operating Conditions: slow_lv_lt

Path 65
  From: MiV_AXI_0/MiV_AXI_0/ChiselTop0/tile/core/div/divisor[13]:CLK
  To:   MiV_AXI_0/MiV_AXI_0/ChiselTop0/tile/core/div/remainder[60]:D
  Delay (ns):              6.627
  Slack (ns):              2.295
  Arrival (ns):           10.059
  Required (ns):          12.354
  Operating Conditions: slow_lv_ht

Path 66
  From: MiV_AXI_0/MiV_AXI_0/ChiselTop0/tile/core/div/divisor[9]:CLK
  To:   MiV_AXI_0/MiV_AXI_0/ChiselTop0/tile/core/div/remainder[54]:D
  Delay (ns):              6.626
  Slack (ns):              2.295
  Arrival (ns):            9.901
  Required (ns):          12.196
  Operating Conditions: slow_lv_lt

Path 67
  From: MiV_AXI_0/MiV_AXI_0/ChiselTop0/tile/core/div/divisor[0]:CLK
  To:   MiV_AXI_0/MiV_AXI_0/ChiselTop0/tile/core/div/remainder[58]:D
  Delay (ns):              6.661
  Slack (ns):              2.299
  Arrival (ns):            9.965
  Required (ns):          12.264
  Operating Conditions: slow_lv_lt

Path 68
  From: MiV_AXI_0/MiV_AXI_0/ChiselTop0/tile/core/div/remainder[12]:CLK
  To:   MiV_AXI_0/MiV_AXI_0/ChiselTop0/tile/core/div/remainder[58]:D
  Delay (ns):              6.639
  Slack (ns):              2.300
  Arrival (ns):            9.896
  Required (ns):          12.196
  Operating Conditions: slow_lv_lt

Path 69
  From: MiV_AXI_0/MiV_AXI_0/ChiselTop0/tile/core/div/remainder[11]:CLK
  To:   MiV_AXI_0/MiV_AXI_0/ChiselTop0/tile/core/div/remainder[54]:D
  Delay (ns):              6.622
  Slack (ns):              2.300
  Arrival (ns):            9.896
  Required (ns):          12.196
  Operating Conditions: slow_lv_lt

Path 70
  From: MiV_AXI_0/MiV_AXI_0/ChiselTop0/tile/core/div/remainder[1]:CLK
  To:   MiV_AXI_0/MiV_AXI_0/ChiselTop0/tile/core/div/remainder[64]:D
  Delay (ns):              6.667
  Slack (ns):              2.301
  Arrival (ns):           10.093
  Required (ns):          12.394
  Operating Conditions: slow_lv_ht

Path 71
  From: MiV_AXI_0/MiV_AXI_0/ChiselTop0/tile/core/div/remainder[1]:CLK
  To:   MiV_AXI_0/MiV_AXI_0/ChiselTop0/tile/core/div/remainder[61]:D
  Delay (ns):              6.626
  Slack (ns):              2.302
  Arrival (ns):           10.052
  Required (ns):          12.354
  Operating Conditions: slow_lv_ht

Path 72
  From: MiV_AXI_0/MiV_AXI_0/ChiselTop0/tile/core/div/divisor[9]:CLK
  To:   MiV_AXI_0/MiV_AXI_0/ChiselTop0/tile/core/div/remainder[62]:D
  Delay (ns):              6.621
  Slack (ns):              2.303
  Arrival (ns):            9.896
  Required (ns):          12.199
  Operating Conditions: slow_lv_lt

Path 73
  From: MiV_AXI_0/MiV_AXI_0/ChiselTop0/tile/core/div/remainder[7]:CLK
  To:   MiV_AXI_0/MiV_AXI_0/ChiselTop0/tile/core/div/remainder[56]:D
  Delay (ns):              6.616
  Slack (ns):              2.305
  Arrival (ns):            9.891
  Required (ns):          12.196
  Operating Conditions: slow_lv_lt

Path 74
  From: MiV_AXI_0/MiV_AXI_0/ChiselTop0/tile/core/div/divisor[0]:CLK
  To:   MiV_AXI_0/MiV_AXI_0/ChiselTop0/tile/core/div/remainder[63]:D
  Delay (ns):              6.557
  Slack (ns):              2.307
  Arrival (ns):            9.861
  Required (ns):          12.168
  Operating Conditions: slow_lv_lt

Path 75
  From: MiV_AXI_0/MiV_AXI_0/ChiselTop0/tile/core/div/remainder[11]:CLK
  To:   MiV_AXI_0/MiV_AXI_0/ChiselTop0/tile/core/div/remainder[62]:D
  Delay (ns):              6.617
  Slack (ns):              2.308
  Arrival (ns):            9.891
  Required (ns):          12.199
  Operating Conditions: slow_lv_lt

Path 76
  From: MiV_AXI_0/MiV_AXI_0/ChiselTop0/tile/core/div/remainder_0[16]:CLK
  To:   MiV_AXI_0/MiV_AXI_0/ChiselTop0/tile/core/div/remainder[52]:D
  Delay (ns):              6.614
  Slack (ns):              2.308
  Arrival (ns):            9.888
  Required (ns):          12.196
  Operating Conditions: slow_lv_lt

Path 77
  From: MiV_AXI_0/MiV_AXI_0/ChiselTop0/tile/core/div/remainder[13]:CLK
  To:   MiV_AXI_0/MiV_AXI_0/ChiselTop0/tile/core/div/remainder[54]:D
  Delay (ns):              6.612
  Slack (ns):              2.310
  Arrival (ns):            9.886
  Required (ns):          12.196
  Operating Conditions: slow_lv_lt

Path 78
  From: MiV_AXI_0/MiV_AXI_0/ChiselTop0/tile/core/div/remainder[9]:CLK
  To:   MiV_AXI_0/MiV_AXI_0/ChiselTop0/tile/core/div/remainder[52]:D
  Delay (ns):              6.610
  Slack (ns):              2.311
  Arrival (ns):            9.885
  Required (ns):          12.196
  Operating Conditions: slow_lv_lt

Path 79
  From: MiV_AXI_0/MiV_AXI_0/ChiselTop0/tile/core/div/remainder_0[16]:CLK
  To:   MiV_AXI_0/MiV_AXI_0/ChiselTop0/tile/core/div/remainder[65]:D
  Delay (ns):              6.658
  Slack (ns):              2.311
  Arrival (ns):            9.932
  Required (ns):          12.243
  Operating Conditions: slow_lv_lt

Path 80
  From: MiV_AXI_0/MiV_AXI_0/ChiselTop0/tile/core/div/divisor[2]:CLK
  To:   MiV_AXI_0/MiV_AXI_0/ChiselTop0/tile/core/div/remainder[58]:D
  Delay (ns):              6.647
  Slack (ns):              2.313
  Arrival (ns):            9.951
  Required (ns):          12.264
  Operating Conditions: slow_lv_lt

Path 81
  From: MiV_AXI_0/MiV_AXI_0/ChiselTop0/tile/core/div/divisor[3]:CLK
  To:   MiV_AXI_0/MiV_AXI_0/ChiselTop0/tile/core/div/remainder[54]:D
  Delay (ns):              6.615
  Slack (ns):              2.313
  Arrival (ns):            9.883
  Required (ns):          12.196
  Operating Conditions: slow_lv_lt

Path 82
  From: MiV_AXI_0/MiV_AXI_0/ChiselTop0/tile/core/div/remainder[8]:CLK
  To:   MiV_AXI_0/MiV_AXI_0/ChiselTop0/tile/core/div/remainder[54]:D
  Delay (ns):              6.609
  Slack (ns):              2.314
  Arrival (ns):            9.882
  Required (ns):          12.196
  Operating Conditions: slow_lv_lt

Path 83
  From: MiV_AXI_0/MiV_AXI_0/ChiselTop0/tile/core/div/remainder[9]:CLK
  To:   MiV_AXI_0/MiV_AXI_0/ChiselTop0/tile/core/div/remainder[65]:D
  Delay (ns):              6.654
  Slack (ns):              2.314
  Arrival (ns):            9.929
  Required (ns):          12.243
  Operating Conditions: slow_lv_lt

Path 84
  From: MiV_AXI_0/MiV_AXI_0/ChiselTop0/tile/core/div/remainder[15]:CLK
  To:   MiV_AXI_0/MiV_AXI_0/ChiselTop0/tile/core/div/remainder[54]:D
  Delay (ns):              6.607
  Slack (ns):              2.315
  Arrival (ns):            9.881
  Required (ns):          12.196
  Operating Conditions: slow_lv_lt

Path 85
  From: MiV_AXI_0/MiV_AXI_0/ChiselTop0/tile/core/div/remainder_0[16]:CLK
  To:   MiV_AXI_0/MiV_AXI_0/ChiselTop0/tile/core/div/remainder[51]:D
  Delay (ns):              6.606
  Slack (ns):              2.315
  Arrival (ns):            9.880
  Required (ns):          12.195
  Operating Conditions: slow_lv_lt

Path 86
  From: MiV_AXI_0/MiV_AXI_0/ChiselTop0/tile/core/div/remainder[2]:CLK
  To:   MiV_AXI_0/MiV_AXI_0/ChiselTop0/tile/core/div/remainder[54]:D
  Delay (ns):              6.603
  Slack (ns):              2.317
  Arrival (ns):            9.879
  Required (ns):          12.196
  Operating Conditions: slow_lv_lt

Path 87
  From: MiV_AXI_0/MiV_AXI_0/ChiselTop0/tile/core/div/remainder[13]:CLK
  To:   MiV_AXI_0/MiV_AXI_0/ChiselTop0/tile/core/div/remainder[62]:D
  Delay (ns):              6.607
  Slack (ns):              2.318
  Arrival (ns):            9.881
  Required (ns):          12.199
  Operating Conditions: slow_lv_lt

Path 88
  From: MiV_AXI_0/MiV_AXI_0/ChiselTop0/tile/core/div/remainder[9]:CLK
  To:   MiV_AXI_0/MiV_AXI_0/ChiselTop0/tile/core/div/remainder[51]:D
  Delay (ns):              6.602
  Slack (ns):              2.318
  Arrival (ns):            9.877
  Required (ns):          12.195
  Operating Conditions: slow_lv_lt

Path 89
  From: MiV_AXI_0/MiV_AXI_0/ChiselTop0/tile/core/div/remainder_0[16]:CLK
  To:   MiV_AXI_0/MiV_AXI_0/ChiselTop0/tile/core/div/remainder[57]:D
  Delay (ns):              6.644
  Slack (ns):              2.318
  Arrival (ns):            9.918
  Required (ns):          12.236
  Operating Conditions: slow_lv_lt

Path 90
  From: MiV_AXI_0/MiV_AXI_0/ChiselTop0/tile/core/div/divisor[7]:CLK
  To:   MiV_AXI_0/MiV_AXI_0/ChiselTop0/tile/core/div/remainder[54]:D
  Delay (ns):              6.603
  Slack (ns):              2.318
  Arrival (ns):            9.878
  Required (ns):          12.196
  Operating Conditions: slow_lv_lt

Path 91
  From: MiV_AXI_0/MiV_AXI_0/ChiselTop0/tile/core/div/divisor[5]:CLK
  To:   MiV_AXI_0/MiV_AXI_0/ChiselTop0/tile/core/div/remainder[58]:D
  Delay (ns):              6.602
  Slack (ns):              2.319
  Arrival (ns):            9.877
  Required (ns):          12.196
  Operating Conditions: slow_lv_lt

Path 92
  From: MiV_AXI_0/MiV_AXI_0/ChiselTop0/tile/core/div/remainder_0[16]:CLK
  To:   MiV_AXI_0/MiV_AXI_0/ChiselTop0/tile/core/div/remainder[59]:D
  Delay (ns):              6.607
  Slack (ns):              2.319
  Arrival (ns):            9.881
  Required (ns):          12.200
  Operating Conditions: slow_lv_lt

Path 93
  From: MiV_AXI_0/MiV_AXI_0/ChiselTop0/tile/core/div/remainder[5]:CLK
  To:   MiV_AXI_0/MiV_AXI_0/ChiselTop0/tile/core/div/remainder[54]:D
  Delay (ns):              6.601
  Slack (ns):              2.320
  Arrival (ns):            9.876
  Required (ns):          12.196
  Operating Conditions: slow_lv_lt

Path 94
  From: MiV_AXI_0/MiV_AXI_0/ChiselTop0/tile/core/div/divisor[2]:CLK
  To:   MiV_AXI_0/MiV_AXI_0/ChiselTop0/tile/core/div/remainder[63]:D
  Delay (ns):              6.543
  Slack (ns):              2.321
  Arrival (ns):            9.847
  Required (ns):          12.168
  Operating Conditions: slow_lv_lt

Path 95
  From: MiV_AXI_0/MiV_AXI_0/ChiselTop0/tile/core/div/divisor[3]:CLK
  To:   MiV_AXI_0/MiV_AXI_0/ChiselTop0/tile/core/div/remainder[62]:D
  Delay (ns):              6.610
  Slack (ns):              2.321
  Arrival (ns):            9.878
  Required (ns):          12.199
  Operating Conditions: slow_lv_lt

Path 96
  From: MiV_AXI_0/MiV_AXI_0/ChiselTop0/tile/core/div/divisor[8]:CLK
  To:   MiV_AXI_0/MiV_AXI_0/ChiselTop0/tile/core/div/remainder[54]:D
  Delay (ns):              6.601
  Slack (ns):              2.321
  Arrival (ns):            9.875
  Required (ns):          12.196
  Operating Conditions: slow_lv_lt

Path 97
  From: MiV_AXI_0/MiV_AXI_0/ChiselTop0/tile/core/div/divisor[9]:CLK
  To:   MiV_AXI_0/MiV_AXI_0/ChiselTop0/tile/core/div/remainder[56]:D
  Delay (ns):              6.600
  Slack (ns):              2.321
  Arrival (ns):            9.875
  Required (ns):          12.196
  Operating Conditions: slow_lv_lt

Path 98
  From: MiV_AXI_0/MiV_AXI_0/ChiselTop0/tile/core/div/remainder[9]:CLK
  To:   MiV_AXI_0/MiV_AXI_0/ChiselTop0/tile/core/div/remainder[57]:D
  Delay (ns):              6.640
  Slack (ns):              2.321
  Arrival (ns):            9.915
  Required (ns):          12.236
  Operating Conditions: slow_lv_lt

Path 99
  From: MiV_AXI_0/MiV_AXI_0/ChiselTop0/tile/core/div/remainder[9]:CLK
  To:   MiV_AXI_0/MiV_AXI_0/ChiselTop0/tile/core/div/remainder[59]:D
  Delay (ns):              6.603
  Slack (ns):              2.322
  Arrival (ns):            9.878
  Required (ns):          12.200
  Operating Conditions: slow_lv_lt

Path 100
  From: MiV_AXI_0/MiV_AXI_0/ChiselTop0/tile/core/div/remainder[8]:CLK
  To:   MiV_AXI_0/MiV_AXI_0/ChiselTop0/tile/core/div/remainder[62]:D
  Delay (ns):              6.604
  Slack (ns):              2.322
  Arrival (ns):            9.877
  Required (ns):          12.199
  Operating Conditions: slow_lv_lt

